  Geri y├╝klenecek projeler belirleniyor...
  Geri y├╝kleme i├ğin t├╝m projeler g├╝ncel.
C:\Users\fatih\source\repos\EfCore.Querying\tests\EfCore.Querying.Tests.Integration\obj\Debug\net8.0\EfCore.Querying.Tests.Integration.GlobalUsings.g.cs(9,14): error CS0246: 'Xunit' t├╝r├╝ veya ad alan─▒ ad─▒ bulunamad─▒ (bir using y├Ânergeniz veya derleme ba┼şvurunuz mu eksik?) [C:\Users\fatih\source\repos\EfCore.Querying\EfCore.Querying.csproj]
C:\Users\fatih\source\repos\EfCore.Querying\tests\EfCore.Querying.Tests.Integration\Tests\CollectionFilteringTests.cs(4,7): error CS0246: 'FluentAssertions' t├╝r├╝ veya ad alan─▒ ad─▒ bulunamad─▒ (bir using y├Ânergeniz veya derleme ba┼şvurunuz mu eksik?) [C:\Users\fatih\source\repos\EfCore.Querying\EfCore.Querying.csproj]
C:\Users\fatih\source\repos\EfCore.Querying\tests\EfCore.Querying.Tests.Integration\Tests\PostgreSqlFilteringTests.cs(4,7): error CS0246: 'FluentAssertions' t├╝r├╝ veya ad alan─▒ ad─▒ bulunamad─▒ (bir using y├Ânergeniz veya derleme ba┼şvurunuz mu eksik?) [C:\Users\fatih\source\repos\EfCore.Querying\EfCore.Querying.csproj]
C:\Users\fatih\source\repos\EfCore.Querying\tests\EfCore.Querying.Tests.Integration\Tests\SqlServerFilteringTests.cs(4,7): error CS0246: 'FluentAssertions' t├╝r├╝ veya ad alan─▒ ad─▒ bulunamad─▒ (bir using y├Ânergeniz veya derleme ba┼şvurunuz mu eksik?) [C:\Users\fatih\source\repos\EfCore.Querying\EfCore.Querying.csproj]
C:\Users\fatih\source\repos\EfCore.Querying\tests\EfCore.Querying.Tests.Integration\Fixtures\DatabaseFixture.cs(10,37): error CS0246: 'IAsyncLifetime' t├╝r├╝ veya ad alan─▒ ad─▒ bulunamad─▒ (bir using y├Ânergeniz veya derleme ba┼şvurunuz mu eksik?) [C:\Users\fatih\source\repos\EfCore.Querying\EfCore.Querying.csproj]
C:\Users\fatih\source\repos\EfCore.Querying\tests\EfCore.Querying.Tests.Integration\Tests\CollectionFilteringTests.cs(14,50): error CS0246: 'IClassFixture<>' t├╝r├╝ veya ad alan─▒ ad─▒ bulunamad─▒ (bir using y├Ânergeniz veya derleme ba┼şvurunuz mu eksik?) [C:\Users\fatih\source\repos\EfCore.Querying\EfCore.Querying.csproj]
C:\Users\fatih\source\repos\EfCore.Querying\tests\EfCore.Querying.Tests.Integration\Tests\PostgreSqlFilteringTests.cs(13,41): error CS0246: 'IClassFixture<>' t├╝r├╝ veya ad alan─▒ ad─▒ bulunamad─▒ (bir using y├Ânergeniz veya derleme ba┼şvurunuz mu eksik?) [C:\Users\fatih\source\repos\EfCore.Querying\EfCore.Querying.csproj]
C:\Users\fatih\source\repos\EfCore.Querying\tests\EfCore.Querying.Tests.Integration\Tests\CollectionFilteringTests.cs(221,51): error CS0246: 'IClassFixture<>' t├╝r├╝ veya ad alan─▒ ad─▒ bulunamad─▒ (bir using y├Ânergeniz veya derleme ba┼şvurunuz mu eksik?) [C:\Users\fatih\source\repos\EfCore.Querying\EfCore.Querying.csproj]
C:\Users\fatih\source\repos\EfCore.Querying\tests\EfCore.Querying.Tests.Integration\Tests\SqlServerFilteringTests.cs(12,44): error CS0246: 'IClassFixture<>' t├╝r├╝ veya ad alan─▒ ad─▒ bulunamad─▒ (bir using y├Ânergeniz veya derleme ba┼şvurunuz mu eksik?) [C:\Users\fatih\source\repos\EfCore.Querying\EfCore.Querying.csproj]
C:\Users\fatih\source\repos\EfCore.Querying\tests\EfCore.Querying.Tests.Integration\Tests\SqlServerFilteringTests.cs(26,40): error CS0246: 'IClassFixture<>' t├╝r├╝ veya ad alan─▒ ad─▒ bulunamad─▒ (bir using y├Ânergeniz veya derleme ba┼şvurunuz mu eksik?) [C:\Users\fatih\source\repos\EfCore.Querying\EfCore.Querying.csproj]
C:\Users\fatih\source\repos\EfCore.Querying\tests\EfCore.Querying.Tests.Integration\Tests\TestCollections.cs(10,36): error CS0246: 'ICollectionFixture<>' t├╝r├╝ veya ad alan─▒ ad─▒ bulunamad─▒ (bir using y├Ânergeniz veya derleme ba┼şvurunuz mu eksik?) [C:\Users\fatih\source\repos\EfCore.Querying\EfCore.Querying.csproj]
C:\Users\fatih\source\repos\EfCore.Querying\tests\EfCore.Querying.Tests.Integration\Tests\TestCollections.cs(19,37): error CS0246: 'ICollectionFixture<>' t├╝r├╝ veya ad alan─▒ ad─▒ bulunamad─▒ (bir using y├Ânergeniz veya derleme ba┼şvurunuz mu eksik?) [C:\Users\fatih\source\repos\EfCore.Querying\EfCore.Querying.csproj]
C:\Users\fatih\source\repos\EfCore.Querying\tests\EfCore.Querying.Tests.Integration\Tests\TestCollections.cs(27,35): error CS0246: 'ICollectionFixture<>' t├╝r├╝ veya ad alan─▒ ad─▒ bulunamad─▒ (bir using y├Ânergeniz veya derleme ba┼şvurunuz mu eksik?) [C:\Users\fatih\source\repos\EfCore.Querying\EfCore.Querying.csproj]
C:\Users\fatih\source\repos\EfCore.Querying\tests\EfCore.Querying.Tests.Integration\Tests\PostgreSqlFilteringTests.cs(12,2): error CS0246: 'CollectionAttribute' t├╝r├╝ veya ad alan─▒ ad─▒ bulunamad─▒ (bir using y├Ânergeniz veya derleme ba┼şvurunuz mu eksik?) [C:\Users\fatih\source\repos\EfCore.Querying\EfCore.Querying.csproj]
C:\Users\fatih\source\repos\EfCore.Querying\tests\EfCore.Querying.Tests.Integration\Tests\PostgreSqlFilteringTests.cs(12,2): error CS0246: 'Collection' t├╝r├╝ veya ad alan─▒ ad─▒ bulunamad─▒ (bir using y├Ânergeniz veya derleme ba┼şvurunuz mu eksik?) [C:\Users\fatih\source\repos\EfCore.Querying\EfCore.Querying.csproj]
C:\Users\fatih\source\repos\EfCore.Querying\tests\EfCore.Querying.Tests.Integration\Tests\CollectionFilteringTests.cs(13,2): error CS0246: 'CollectionAttribute' t├╝r├╝ veya ad alan─▒ ad─▒ bulunamad─▒ (bir using y├Ânergeniz veya derleme ba┼şvurunuz mu eksik?) [C:\Users\fatih\source\repos\EfCore.Querying\EfCore.Querying.csproj]
C:\Users\fatih\source\repos\EfCore.Querying\tests\EfCore.Querying.Tests.Integration\Tests\CollectionFilteringTests.cs(13,2): error CS0246: 'Collection' t├╝r├╝ veya ad alan─▒ ad─▒ bulunamad─▒ (bir using y├Ânergeniz veya derleme ba┼şvurunuz mu eksik?) [C:\Users\fatih\source\repos\EfCore.Querying\EfCore.Querying.csproj]
C:\Users\fatih\source\repos\EfCore.Querying\tests\EfCore.Querying.Tests.Integration\Fixtures\DatabaseFixture.cs(69,22): error CS0246: 'Testcontainers' t├╝r├╝ veya ad alan─▒ ad─▒ bulunamad─▒ (bir using y├Ânergeniz veya derleme ba┼şvurunuz mu eksik?) [C:\Users\fatih\source\repos\EfCore.Querying\EfCore.Querying.csproj]
C:\Users\fatih\source\repos\EfCore.Querying\tests\EfCore.Querying.Tests.Integration\Tests\CollectionFilteringTests.cs(220,2): error CS0246: 'CollectionAttribute' t├╝r├╝ veya ad alan─▒ ad─▒ bulunamad─▒ (bir using y├Ânergeniz veya derleme ba┼şvurunuz mu eksik?) [C:\Users\fatih\source\repos\EfCore.Querying\EfCore.Querying.csproj]
C:\Users\fatih\source\repos\EfCore.Querying\tests\EfCore.Querying.Tests.Integration\Tests\CollectionFilteringTests.cs(220,2): error CS0246: 'Collection' t├╝r├╝ veya ad alan─▒ ad─▒ bulunamad─▒ (bir using y├Ânergeniz veya derleme ba┼şvurunuz mu eksik?) [C:\Users\fatih\source\repos\EfCore.Querying\EfCore.Querying.csproj]
C:\Users\fatih\source\repos\EfCore.Querying\tests\EfCore.Querying.Tests.Integration\Tests\SqlServerFilteringTests.cs(25,2): error CS0246: 'CollectionAttribute' t├╝r├╝ veya ad alan─▒ ad─▒ bulunamad─▒ (bir using y├Ânergeniz veya derleme ba┼şvurunuz mu eksik?) [C:\Users\fatih\source\repos\EfCore.Querying\EfCore.Querying.csproj]
C:\Users\fatih\source\repos\EfCore.Querying\tests\EfCore.Querying.Tests.Integration\Tests\SqlServerFilteringTests.cs(25,2): error CS0246: 'Collection' t├╝r├╝ veya ad alan─▒ ad─▒ bulunamad─▒ (bir using y├Ânergeniz veya derleme ba┼şvurunuz mu eksik?) [C:\Users\fatih\source\repos\EfCore.Querying\EfCore.Querying.csproj]
C:\Users\fatih\source\repos\EfCore.Querying\tests\EfCore.Querying.Tests.Integration\Tests\TestCollections.cs(9,2): error CS0246: 'CollectionDefinitionAttribute' t├╝r├╝ veya ad alan─▒ ad─▒ bulunamad─▒ (bir using y├Ânergeniz veya derleme ba┼şvurunuz mu eksik?) [C:\Users\fatih\source\repos\EfCore.Querying\EfCore.Querying.csproj]
C:\Users\fatih\source\repos\EfCore.Querying\tests\EfCore.Querying.Tests.Integration\Tests\TestCollections.cs(9,2): error CS0246: 'CollectionDefinition' t├╝r├╝ veya ad alan─▒ ad─▒ bulunamad─▒ (bir using y├Ânergeniz veya derleme ba┼şvurunuz mu eksik?) [C:\Users\fatih\source\repos\EfCore.Querying\EfCore.Querying.csproj]
C:\Users\fatih\source\repos\EfCore.Querying\tests\EfCore.Querying.Tests.Integration\Tests\TestCollections.cs(18,2): error CS0246: 'CollectionDefinitionAttribute' t├╝r├╝ veya ad alan─▒ ad─▒ bulunamad─▒ (bir using y├Ânergeniz veya derleme ba┼şvurunuz mu eksik?) [C:\Users\fatih\source\repos\EfCore.Querying\EfCore.Querying.csproj]
C:\Users\fatih\source\repos\EfCore.Querying\tests\EfCore.Querying.Tests.Integration\Tests\TestCollections.cs(18,2): error CS0246: 'CollectionDefinition' t├╝r├╝ veya ad alan─▒ ad─▒ bulunamad─▒ (bir using y├Ânergeniz veya derleme ba┼şvurunuz mu eksik?) [C:\Users\fatih\source\repos\EfCore.Querying\EfCore.Querying.csproj]
C:\Users\fatih\source\repos\EfCore.Querying\tests\EfCore.Querying.Tests.Integration\Tests\TestCollections.cs(26,2): error CS0246: 'CollectionDefinitionAttribute' t├╝r├╝ veya ad alan─▒ ad─▒ bulunamad─▒ (bir using y├Ânergeniz veya derleme ba┼şvurunuz mu eksik?) [C:\Users\fatih\source\repos\EfCore.Querying\EfCore.Querying.csproj]
C:\Users\fatih\source\repos\EfCore.Querying\tests\EfCore.Querying.Tests.Integration\Tests\TestCollections.cs(26,2): error CS0246: 'CollectionDefinition' t├╝r├╝ veya ad alan─▒ ad─▒ bulunamad─▒ (bir using y├Ânergeniz veya derleme ba┼şvurunuz mu eksik?) [C:\Users\fatih\source\repos\EfCore.Querying\EfCore.Querying.csproj]
C:\Users\fatih\source\repos\EfCore.Querying\tests\EfCore.Querying.Tests.Integration\Tests\CollectionFilteringTests.cs(25,6): error CS0246: 'FactAttribute' t├╝r├╝ veya ad alan─▒ ad─▒ bulunamad─▒ (bir using y├Ânergeniz veya derleme ba┼şvurunuz mu eksik?) [C:\Users\fatih\source\repos\EfCore.Querying\EfCore.Querying.csproj]
C:\Users\fatih\source\repos\EfCore.Querying\tests\EfCore.Querying.Tests.Integration\Tests\CollectionFilteringTests.cs(25,6): error CS0246: 'Fact' t├╝r├╝ veya ad alan─▒ ad─▒ bulunamad─▒ (bir using y├Ânergeniz veya derleme ba┼şvurunuz mu eksik?) [C:\Users\fatih\source\repos\EfCore.Querying\EfCore.Querying.csproj]
C:\Users\fatih\source\repos\EfCore.Querying\tests\EfCore.Querying.Tests.Integration\Tests\PostgreSqlFilteringTests.cs(24,6): error CS0246: 'FactAttribute' t├╝r├╝ veya ad alan─▒ ad─▒ bulunamad─▒ (bir using y├Ânergeniz veya derleme ba┼şvurunuz mu eksik?) [C:\Users\fatih\source\repos\EfCore.Querying\EfCore.Querying.csproj]
C:\Users\fatih\source\repos\EfCore.Querying\tests\EfCore.Querying.Tests.Integration\Tests\PostgreSqlFilteringTests.cs(24,6): error CS0246: 'Fact' t├╝r├╝ veya ad alan─▒ ad─▒ bulunamad─▒ (bir using y├Ânergeniz veya derleme ba┼şvurunuz mu eksik?) [C:\Users\fatih\source\repos\EfCore.Querying\EfCore.Querying.csproj]
C:\Users\fatih\source\repos\EfCore.Querying\tests\EfCore.Querying.Tests.Integration\Tests\CollectionFilteringTests.cs(45,6): error CS0246: 'FactAttribute' t├╝r├╝ veya ad alan─▒ ad─▒ bulunamad─▒ (bir using y├Ânergeniz veya derleme ba┼şvurunuz mu eksik?) [C:\Users\fatih\source\repos\EfCore.Querying\EfCore.Querying.csproj]
C:\Users\fatih\source\repos\EfCore.Querying\tests\EfCore.Querying.Tests.Integration\Tests\CollectionFilteringTests.cs(45,6): error CS0246: 'Fact' t├╝r├╝ veya ad alan─▒ ad─▒ bulunamad─▒ (bir using y├Ânergeniz veya derleme ba┼şvurunuz mu eksik?) [C:\Users\fatih\source\repos\EfCore.Querying\EfCore.Querying.csproj]
C:\Users\fatih\source\repos\EfCore.Querying\tests\EfCore.Querying.Tests.Integration\Tests\PostgreSqlFilteringTests.cs(41,6): error CS0246: 'FactAttribute' t├╝r├╝ veya ad alan─▒ ad─▒ bulunamad─▒ (bir using y├Ânergeniz veya derleme ba┼şvurunuz mu eksik?) [C:\Users\fatih\source\repos\EfCore.Querying\EfCore.Querying.csproj]
C:\Users\fatih\source\repos\EfCore.Querying\tests\EfCore.Querying.Tests.Integration\Tests\PostgreSqlFilteringTests.cs(41,6): error CS0246: 'Fact' t├╝r├╝ veya ad alan─▒ ad─▒ bulunamad─▒ (bir using y├Ânergeniz veya derleme ba┼şvurunuz mu eksik?) [C:\Users\fatih\source\repos\EfCore.Querying\EfCore.Querying.csproj]
C:\Users\fatih\source\repos\EfCore.Querying\tests\EfCore.Querying.Tests.Integration\Tests\CollectionFilteringTests.cs(232,6): error CS0246: 'FactAttribute' t├╝r├╝ veya ad alan─▒ ad─▒ bulunamad─▒ (bir using y├Ânergeniz veya derleme ba┼şvurunuz mu eksik?) [C:\Users\fatih\source\repos\EfCore.Querying\EfCore.Querying.csproj]
C:\Users\fatih\source\repos\EfCore.Querying\tests\EfCore.Querying.Tests.Integration\Tests\CollectionFilteringTests.cs(232,6): error CS0246: 'Fact' t├╝r├╝ veya ad alan─▒ ad─▒ bulunamad─▒ (bir using y├Ânergeniz veya derleme ba┼şvurunuz mu eksik?) [C:\Users\fatih\source\repos\EfCore.Querying\EfCore.Querying.csproj]
C:\Users\fatih\source\repos\EfCore.Querying\tests\EfCore.Querying.Tests.Integration\Tests\CollectionFilteringTests.cs(65,6): error CS0246: 'FactAttribute' t├╝r├╝ veya ad alan─▒ ad─▒ bulunamad─▒ (bir using y├Ânergeniz veya derleme ba┼şvurunuz mu eksik?) [C:\Users\fatih\source\repos\EfCore.Querying\EfCore.Querying.csproj]
C:\Users\fatih\source\repos\EfCore.Querying\tests\EfCore.Querying.Tests.Integration\Tests\CollectionFilteringTests.cs(65,6): error CS0246: 'Fact' t├╝r├╝ veya ad alan─▒ ad─▒ bulunamad─▒ (bir using y├Ânergeniz veya derleme ba┼şvurunuz mu eksik?) [C:\Users\fatih\source\repos\EfCore.Querying\EfCore.Querying.csproj]
C:\Users\fatih\source\repos\EfCore.Querying\tests\EfCore.Querying.Tests.Integration\Tests\PostgreSqlFilteringTests.cs(62,6): error CS0246: 'FactAttribute' t├╝r├╝ veya ad alan─▒ ad─▒ bulunamad─▒ (bir using y├Ânergeniz veya derleme ba┼şvurunuz mu eksik?) [C:\Users\fatih\source\repos\EfCore.Querying\EfCore.Querying.csproj]
C:\Users\fatih\source\repos\EfCore.Querying\tests\EfCore.Querying.Tests.Integration\Tests\PostgreSqlFilteringTests.cs(62,6): error CS0246: 'Fact' t├╝r├╝ veya ad alan─▒ ad─▒ bulunamad─▒ (bir using y├Ânergeniz veya derleme ba┼şvurunuz mu eksik?) [C:\Users\fatih\source\repos\EfCore.Querying\EfCore.Querying.csproj]
C:\Users\fatih\source\repos\EfCore.Querying\tests\EfCore.Querying.Tests.Integration\Tests\SqlServerFilteringTests.cs(37,6): error CS0246: 'FactAttribute' t├╝r├╝ veya ad alan─▒ ad─▒ bulunamad─▒ (bir using y├Ânergeniz veya derleme ba┼şvurunuz mu eksik?) [C:\Users\fatih\source\repos\EfCore.Querying\EfCore.Querying.csproj]
C:\Users\fatih\source\repos\EfCore.Querying\tests\EfCore.Querying.Tests.Integration\Tests\SqlServerFilteringTests.cs(37,6): error CS0246: 'Fact' t├╝r├╝ veya ad alan─▒ ad─▒ bulunamad─▒ (bir using y├Ânergeniz veya derleme ba┼şvurunuz mu eksik?) [C:\Users\fatih\source\repos\EfCore.Querying\EfCore.Querying.csproj]
C:\Users\fatih\source\repos\EfCore.Querying\tests\EfCore.Querying.Tests.Integration\Tests\CollectionFilteringTests.cs(94,6): error CS0246: 'FactAttribute' t├╝r├╝ veya ad alan─▒ ad─▒ bulunamad─▒ (bir using y├Ânergeniz veya derleme ba┼şvurunuz mu eksik?) [C:\Users\fatih\source\repos\EfCore.Querying\EfCore.Querying.csproj]
C:\Users\fatih\source\repos\EfCore.Querying\tests\EfCore.Querying.Tests.Integration\Tests\CollectionFilteringTests.cs(94,6): error CS0246: 'Fact' t├╝r├╝ veya ad alan─▒ ad─▒ bulunamad─▒ (bir using y├Ânergeniz veya derleme ba┼şvurunuz mu eksik?) [C:\Users\fatih\source\repos\EfCore.Querying\EfCore.Querying.csproj]
C:\Users\fatih\source\repos\EfCore.Querying\tests\EfCore.Querying.Tests.Integration\Tests\CollectionFilteringTests.cs(252,6): error CS0246: 'FactAttribute' t├╝r├╝ veya ad alan─▒ ad─▒ bulunamad─▒ (bir using y├Ânergeniz veya derleme ba┼şvurunuz mu eksik?) [C:\Users\fatih\source\repos\EfCore.Querying\EfCore.Querying.csproj]
C:\Users\fatih\source\repos\EfCore.Querying\tests\EfCore.Querying.Tests.Integration\Tests\CollectionFilteringTests.cs(252,6): error CS0246: 'Fact' t├╝r├╝ veya ad alan─▒ ad─▒ bulunamad─▒ (bir using y├Ânergeniz veya derleme ba┼şvurunuz mu eksik?) [C:\Users\fatih\source\repos\EfCore.Querying\EfCore.Querying.csproj]
C:\Users\fatih\source\repos\EfCore.Querying\tests\EfCore.Querying.Tests.Integration\Tests\PostgreSqlFilteringTests.cs(79,6): error CS0246: 'FactAttribute' t├╝r├╝ veya ad alan─▒ ad─▒ bulunamad─▒ (bir using y├Ânergeniz veya derleme ba┼şvurunuz mu eksik?) [C:\Users\fatih\source\repos\EfCore.Querying\EfCore.Querying.csproj]
C:\Users\fatih\source\repos\EfCore.Querying\tests\EfCore.Querying.Tests.Integration\Tests\PostgreSqlFilteringTests.cs(79,6): error CS0246: 'Fact' t├╝r├╝ veya ad alan─▒ ad─▒ bulunamad─▒ (bir using y├Ânergeniz veya derleme ba┼şvurunuz mu eksik?) [C:\Users\fatih\source\repos\EfCore.Querying\EfCore.Querying.csproj]
C:\Users\fatih\source\repos\EfCore.Querying\tests\EfCore.Querying.Tests.Integration\Tests\CollectionFilteringTests.cs(115,6): error CS0246: 'FactAttribute' t├╝r├╝ veya ad alan─▒ ad─▒ bulunamad─▒ (bir using y├Ânergeniz veya derleme ba┼şvurunuz mu eksik?) [C:\Users\fatih\source\repos\EfCore.Querying\EfCore.Querying.csproj]
C:\Users\fatih\source\repos\EfCore.Querying\tests\EfCore.Querying.Tests.Integration\Tests\CollectionFilteringTests.cs(115,6): error CS0246: 'Fact' t├╝r├╝ veya ad alan─▒ ad─▒ bulunamad─▒ (bir using y├Ânergeniz veya derleme ba┼şvurunuz mu eksik?) [C:\Users\fatih\source\repos\EfCore.Querying\EfCore.Querying.csproj]
C:\Users\fatih\source\repos\EfCore.Querying\tests\EfCore.Querying.Tests.Integration\Tests\PostgreSqlFilteringTests.cs(96,6): error CS0246: 'FactAttribute' t├╝r├╝ veya ad alan─▒ ad─▒ bulunamad─▒ (bir using y├Ânergeniz veya derleme ba┼şvurunuz mu eksik?) [C:\Users\fatih\source\repos\EfCore.Querying\EfCore.Querying.csproj]
C:\Users\fatih\source\repos\EfCore.Querying\tests\EfCore.Querying.Tests.Integration\Tests\PostgreSqlFilteringTests.cs(96,6): error CS0246: 'Fact' t├╝r├╝ veya ad alan─▒ ad─▒ bulunamad─▒ (bir using y├Ânergeniz veya derleme ba┼şvurunuz mu eksik?) [C:\Users\fatih\source\repos\EfCore.Querying\EfCore.Querying.csproj]
C:\Users\fatih\source\repos\EfCore.Querying\tests\EfCore.Querying.Tests.Integration\Tests\SqlServerFilteringTests.cs(54,6): error CS0246: 'FactAttribute' t├╝r├╝ veya ad alan─▒ ad─▒ bulunamad─▒ (bir using y├Ânergeniz veya derleme ba┼şvurunuz mu eksik?) [C:\Users\fatih\source\repos\EfCore.Querying\EfCore.Querying.csproj]
C:\Users\fatih\source\repos\EfCore.Querying\tests\EfCore.Querying.Tests.Integration\Tests\SqlServerFilteringTests.cs(54,6): error CS0246: 'Fact' t├╝r├╝ veya ad alan─▒ ad─▒ bulunamad─▒ (bir using y├Ânergeniz veya derleme ba┼şvurunuz mu eksik?) [C:\Users\fatih\source\repos\EfCore.Querying\EfCore.Querying.csproj]
C:\Users\fatih\source\repos\EfCore.Querying\tests\EfCore.Querying.Tests.Integration\Tests\CollectionFilteringTests.cs(136,6): error CS0246: 'FactAttribute' t├╝r├╝ veya ad alan─▒ ad─▒ bulunamad─▒ (bir using y├Ânergeniz veya derleme ba┼şvurunuz mu eksik?) [C:\Users\fatih\source\repos\EfCore.Querying\EfCore.Querying.csproj]
C:\Users\fatih\source\repos\EfCore.Querying\tests\EfCore.Querying.Tests.Integration\Tests\CollectionFilteringTests.cs(136,6): error CS0246: 'Fact' t├╝r├╝ veya ad alan─▒ ad─▒ bulunamad─▒ (bir using y├Ânergeniz veya derleme ba┼şvurunuz mu eksik?) [C:\Users\fatih\source\repos\EfCore.Querying\EfCore.Querying.csproj]
C:\Users\fatih\source\repos\EfCore.Querying\tests\EfCore.Querying.Tests.Integration\Tests\CollectionFilteringTests.cs(276,6): error CS0246: 'FactAttribute' t├╝r├╝ veya ad alan─▒ ad─▒ bulunamad─▒ (bir using y├Ânergeniz veya derleme ba┼şvurunuz mu eksik?) [C:\Users\fatih\source\repos\EfCore.Querying\EfCore.Querying.csproj]
C:\Users\fatih\source\repos\EfCore.Querying\tests\EfCore.Querying.Tests.Integration\Tests\CollectionFilteringTests.cs(276,6): error CS0246: 'Fact' t├╝r├╝ veya ad alan─▒ ad─▒ bulunamad─▒ (bir using y├Ânergeniz veya derleme ba┼şvurunuz mu eksik?) [C:\Users\fatih\source\repos\EfCore.Querying\EfCore.Querying.csproj]
C:\Users\fatih\source\repos\EfCore.Querying\tests\EfCore.Querying.Tests.Integration\Tests\PostgreSqlFilteringTests.cs(113,6): error CS0246: 'FactAttribute' t├╝r├╝ veya ad alan─▒ ad─▒ bulunamad─▒ (bir using y├Ânergeniz veya derleme ba┼şvurunuz mu eksik?) [C:\Users\fatih\source\repos\EfCore.Querying\EfCore.Querying.csproj]
C:\Users\fatih\source\repos\EfCore.Querying\tests\EfCore.Querying.Tests.Integration\Tests\PostgreSqlFilteringTests.cs(113,6): error CS0246: 'Fact' t├╝r├╝ veya ad alan─▒ ad─▒ bulunamad─▒ (bir using y├Ânergeniz veya derleme ba┼şvurunuz mu eksik?) [C:\Users\fatih\source\repos\EfCore.Querying\EfCore.Querying.csproj]
C:\Users\fatih\source\repos\EfCore.Querying\tests\EfCore.Querying.Tests.Integration\Tests\CollectionFilteringTests.cs(168,6): error CS0246: 'FactAttribute' t├╝r├╝ veya ad alan─▒ ad─▒ bulunamad─▒ (bir using y├Ânergeniz veya derleme ba┼şvurunuz mu eksik?) [C:\Users\fatih\source\repos\EfCore.Querying\EfCore.Querying.csproj]
C:\Users\fatih\source\repos\EfCore.Querying\tests\EfCore.Querying.Tests.Integration\Tests\CollectionFilteringTests.cs(168,6): error CS0246: 'Fact' t├╝r├╝ veya ad alan─▒ ad─▒ bulunamad─▒ (bir using y├Ânergeniz veya derleme ba┼şvurunuz mu eksik?) [C:\Users\fatih\source\repos\EfCore.Querying\EfCore.Querying.csproj]
C:\Users\fatih\source\repos\EfCore.Querying\tests\EfCore.Querying.Tests.Integration\Tests\PostgreSqlFilteringTests.cs(133,6): error CS0246: 'FactAttribute' t├╝r├╝ veya ad alan─▒ ad─▒ bulunamad─▒ (bir using y├Ânergeniz veya derleme ba┼şvurunuz mu eksik?) [C:\Users\fatih\source\repos\EfCore.Querying\EfCore.Querying.csproj]
C:\Users\fatih\source\repos\EfCore.Querying\tests\EfCore.Querying.Tests.Integration\Tests\PostgreSqlFilteringTests.cs(133,6): error CS0246: 'Fact' t├╝r├╝ veya ad alan─▒ ad─▒ bulunamad─▒ (bir using y├Ânergeniz veya derleme ba┼şvurunuz mu eksik?) [C:\Users\fatih\source\repos\EfCore.Querying\EfCore.Querying.csproj]
C:\Users\fatih\source\repos\EfCore.Querying\tests\EfCore.Querying.Tests.Integration\Tests\SqlServerFilteringTests.cs(75,6): error CS0246: 'FactAttribute' t├╝r├╝ veya ad alan─▒ ad─▒ bulunamad─▒ (bir using y├Ânergeniz veya derleme ba┼şvurunuz mu eksik?) [C:\Users\fatih\source\repos\EfCore.Querying\EfCore.Querying.csproj]
C:\Users\fatih\source\repos\EfCore.Querying\tests\EfCore.Querying.Tests.Integration\Tests\SqlServerFilteringTests.cs(75,6): error CS0246: 'Fact' t├╝r├╝ veya ad alan─▒ ad─▒ bulunamad─▒ (bir using y├Ânergeniz veya derleme ba┼şvurunuz mu eksik?) [C:\Users\fatih\source\repos\EfCore.Querying\EfCore.Querying.csproj]
C:\Users\fatih\source\repos\EfCore.Querying\tests\EfCore.Querying.Tests.Integration\Tests\CollectionFilteringTests.cs(297,6): error CS0246: 'FactAttribute' t├╝r├╝ veya ad alan─▒ ad─▒ bulunamad─▒ (bir using y├Ânergeniz veya derleme ba┼şvurunuz mu eksik?) [C:\Users\fatih\source\repos\EfCore.Querying\EfCore.Querying.csproj]
C:\Users\fatih\source\repos\EfCore.Querying\tests\EfCore.Querying.Tests.Integration\Tests\CollectionFilteringTests.cs(297,6): error CS0246: 'Fact' t├╝r├╝ veya ad alan─▒ ad─▒ bulunamad─▒ (bir using y├Ânergeniz veya derleme ba┼şvurunuz mu eksik?) [C:\Users\fatih\source\repos\EfCore.Querying\EfCore.Querying.csproj]
C:\Users\fatih\source\repos\EfCore.Querying\tests\EfCore.Querying.Tests.Integration\Tests\CollectionFilteringTests.cs(190,6): error CS0246: 'FactAttribute' t├╝r├╝ veya ad alan─▒ ad─▒ bulunamad─▒ (bir using y├Ânergeniz veya derleme ba┼şvurunuz mu eksik?) [C:\Users\fatih\source\repos\EfCore.Querying\EfCore.Querying.csproj]
C:\Users\fatih\source\repos\EfCore.Querying\tests\EfCore.Querying.Tests.Integration\Tests\CollectionFilteringTests.cs(190,6): error CS0246: 'Fact' t├╝r├╝ veya ad alan─▒ ad─▒ bulunamad─▒ (bir using y├Ânergeniz veya derleme ba┼şvurunuz mu eksik?) [C:\Users\fatih\source\repos\EfCore.Querying\EfCore.Querying.csproj]
C:\Users\fatih\source\repos\EfCore.Querying\tests\EfCore.Querying.Tests.Integration\Tests\PostgreSqlFilteringTests.cs(150,6): error CS0246: 'FactAttribute' t├╝r├╝ veya ad alan─▒ ad─▒ bulunamad─▒ (bir using y├Ânergeniz veya derleme ba┼şvurunuz mu eksik?) [C:\Users\fatih\source\repos\EfCore.Querying\EfCore.Querying.csproj]
C:\Users\fatih\source\repos\EfCore.Querying\tests\EfCore.Querying.Tests.Integration\Tests\PostgreSqlFilteringTests.cs(150,6): error CS0246: 'Fact' t├╝r├╝ veya ad alan─▒ ad─▒ bulunamad─▒ (bir using y├Ânergeniz veya derleme ba┼şvurunuz mu eksik?) [C:\Users\fatih\source\repos\EfCore.Querying\EfCore.Querying.csproj]
C:\Users\fatih\source\repos\EfCore.Querying\tests\EfCore.Querying.Tests.Integration\Tests\SqlServerFilteringTests.cs(92,6): error CS0246: 'FactAttribute' t├╝r├╝ veya ad alan─▒ ad─▒ bulunamad─▒ (bir using y├Ânergeniz veya derleme ba┼şvurunuz mu eksik?) [C:\Users\fatih\source\repos\EfCore.Querying\EfCore.Querying.csproj]
C:\Users\fatih\source\repos\EfCore.Querying\tests\EfCore.Querying.Tests.Integration\Tests\SqlServerFilteringTests.cs(92,6): error CS0246: 'Fact' t├╝r├╝ veya ad alan─▒ ad─▒ bulunamad─▒ (bir using y├Ânergeniz veya derleme ba┼şvurunuz mu eksik?) [C:\Users\fatih\source\repos\EfCore.Querying\EfCore.Querying.csproj]
C:\Users\fatih\source\repos\EfCore.Querying\tests\EfCore.Querying.Tests.Integration\Tests\PostgreSqlFilteringTests.cs(167,6): error CS0246: 'FactAttribute' t├╝r├╝ veya ad alan─▒ ad─▒ bulunamad─▒ (bir using y├Ânergeniz veya derleme ba┼şvurunuz mu eksik?) [C:\Users\fatih\source\repos\EfCore.Querying\EfCore.Querying.csproj]
C:\Users\fatih\source\repos\EfCore.Querying\tests\EfCore.Querying.Tests.Integration\Tests\PostgreSqlFilteringTests.cs(167,6): error CS0246: 'Fact' t├╝r├╝ veya ad alan─▒ ad─▒ bulunamad─▒ (bir using y├Ânergeniz veya derleme ba┼şvurunuz mu eksik?) [C:\Users\fatih\source\repos\EfCore.Querying\EfCore.Querying.csproj]
C:\Users\fatih\source\repos\EfCore.Querying\tests\EfCore.Querying.Tests.Integration\Tests\SqlServerFilteringTests.cs(109,6): error CS0246: 'FactAttribute' t├╝r├╝ veya ad alan─▒ ad─▒ bulunamad─▒ (bir using y├Ânergeniz veya derleme ba┼şvurunuz mu eksik?) [C:\Users\fatih\source\repos\EfCore.Querying\EfCore.Querying.csproj]
C:\Users\fatih\source\repos\EfCore.Querying\tests\EfCore.Querying.Tests.Integration\Tests\SqlServerFilteringTests.cs(109,6): error CS0246: 'Fact' t├╝r├╝ veya ad alan─▒ ad─▒ bulunamad─▒ (bir using y├Ânergeniz veya derleme ba┼şvurunuz mu eksik?) [C:\Users\fatih\source\repos\EfCore.Querying\EfCore.Querying.csproj]
C:\Users\fatih\source\repos\EfCore.Querying\tests\EfCore.Querying.Tests.Integration\Tests\PostgreSqlFilteringTests.cs(188,6): error CS0246: 'FactAttribute' t├╝r├╝ veya ad alan─▒ ad─▒ bulunamad─▒ (bir using y├Ânergeniz veya derleme ba┼şvurunuz mu eksik?) [C:\Users\fatih\source\repos\EfCore.Querying\EfCore.Querying.csproj]
C:\Users\fatih\source\repos\EfCore.Querying\tests\EfCore.Querying.Tests.Integration\Tests\PostgreSqlFilteringTests.cs(188,6): error CS0246: 'Fact' t├╝r├╝ veya ad alan─▒ ad─▒ bulunamad─▒ (bir using y├Ânergeniz veya derleme ba┼şvurunuz mu eksik?) [C:\Users\fatih\source\repos\EfCore.Querying\EfCore.Querying.csproj]
C:\Users\fatih\source\repos\EfCore.Querying\tests\EfCore.Querying.Tests.Integration\Tests\SqlServerFilteringTests.cs(130,6): error CS0246: 'FactAttribute' t├╝r├╝ veya ad alan─▒ ad─▒ bulunamad─▒ (bir using y├Ânergeniz veya derleme ba┼şvurunuz mu eksik?) [C:\Users\fatih\source\repos\EfCore.Querying\EfCore.Querying.csproj]
C:\Users\fatih\source\repos\EfCore.Querying\tests\EfCore.Querying.Tests.Integration\Tests\SqlServerFilteringTests.cs(130,6): error CS0246: 'Fact' t├╝r├╝ veya ad alan─▒ ad─▒ bulunamad─▒ (bir using y├Ânergeniz veya derleme ba┼şvurunuz mu eksik?) [C:\Users\fatih\source\repos\EfCore.Querying\EfCore.Querying.csproj]
C:\Users\fatih\source\repos\EfCore.Querying\tests\EfCore.Querying.Tests.Integration\Tests\PostgreSqlFilteringTests.cs(205,6): error CS0246: 'FactAttribute' t├╝r├╝ veya ad alan─▒ ad─▒ bulunamad─▒ (bir using y├Ânergeniz veya derleme ba┼şvurunuz mu eksik?) [C:\Users\fatih\source\repos\EfCore.Querying\EfCore.Querying.csproj]
C:\Users\fatih\source\repos\EfCore.Querying\tests\EfCore.Querying.Tests.Integration\Tests\PostgreSqlFilteringTests.cs(205,6): error CS0246: 'Fact' t├╝r├╝ veya ad alan─▒ ad─▒ bulunamad─▒ (bir using y├Ânergeniz veya derleme ba┼şvurunuz mu eksik?) [C:\Users\fatih\source\repos\EfCore.Querying\EfCore.Querying.csproj]
C:\Users\fatih\source\repos\EfCore.Querying\tests\EfCore.Querying.Tests.Integration\Tests\SqlServerFilteringTests.cs(147,6): error CS0246: 'FactAttribute' t├╝r├╝ veya ad alan─▒ ad─▒ bulunamad─▒ (bir using y├Ânergeniz veya derleme ba┼şvurunuz mu eksik?) [C:\Users\fatih\source\repos\EfCore.Querying\EfCore.Querying.csproj]
C:\Users\fatih\source\repos\EfCore.Querying\tests\EfCore.Querying.Tests.Integration\Tests\SqlServerFilteringTests.cs(147,6): error CS0246: 'Fact' t├╝r├╝ veya ad alan─▒ ad─▒ bulunamad─▒ (bir using y├Ânergeniz veya derleme ba┼şvurunuz mu eksik?) [C:\Users\fatih\source\repos\EfCore.Querying\EfCore.Querying.csproj]
C:\Users\fatih\source\repos\EfCore.Querying\tests\EfCore.Querying.Tests.Integration\Tests\PostgreSqlFilteringTests.cs(226,6): error CS0246: 'FactAttribute' t├╝r├╝ veya ad alan─▒ ad─▒ bulunamad─▒ (bir using y├Ânergeniz veya derleme ba┼şvurunuz mu eksik?) [C:\Users\fatih\source\repos\EfCore.Querying\EfCore.Querying.csproj]
C:\Users\fatih\source\repos\EfCore.Querying\tests\EfCore.Querying.Tests.Integration\Tests\PostgreSqlFilteringTests.cs(226,6): error CS0246: 'Fact' t├╝r├╝ veya ad alan─▒ ad─▒ bulunamad─▒ (bir using y├Ânergeniz veya derleme ba┼şvurunuz mu eksik?) [C:\Users\fatih\source\repos\EfCore.Querying\EfCore.Querying.csproj]
C:\Users\fatih\source\repos\EfCore.Querying\tests\EfCore.Querying.Tests.Integration\Tests\SqlServerFilteringTests.cs(164,6): error CS0246: 'FactAttribute' t├╝r├╝ veya ad alan─▒ ad─▒ bulunamad─▒ (bir using y├Ânergeniz veya derleme ba┼şvurunuz mu eksik?) [C:\Users\fatih\source\repos\EfCore.Querying\EfCore.Querying.csproj]
C:\Users\fatih\source\repos\EfCore.Querying\tests\EfCore.Querying.Tests.Integration\Tests\SqlServerFilteringTests.cs(164,6): error CS0246: 'Fact' t├╝r├╝ veya ad alan─▒ ad─▒ bulunamad─▒ (bir using y├Ânergeniz veya derleme ba┼şvurunuz mu eksik?) [C:\Users\fatih\source\repos\EfCore.Querying\EfCore.Querying.csproj]
C:\Users\fatih\source\repos\EfCore.Querying\tests\EfCore.Querying.Tests.Integration\Tests\PostgreSqlFilteringTests.cs(249,6): error CS0246: 'FactAttribute' t├╝r├╝ veya ad alan─▒ ad─▒ bulunamad─▒ (bir using y├Ânergeniz veya derleme ba┼şvurunuz mu eksik?) [C:\Users\fatih\source\repos\EfCore.Querying\EfCore.Querying.csproj]
C:\Users\fatih\source\repos\EfCore.Querying\tests\EfCore.Querying.Tests.Integration\Tests\PostgreSqlFilteringTests.cs(249,6): error CS0246: 'Fact' t├╝r├╝ veya ad alan─▒ ad─▒ bulunamad─▒ (bir using y├Ânergeniz veya derleme ba┼şvurunuz mu eksik?) [C:\Users\fatih\source\repos\EfCore.Querying\EfCore.Querying.csproj]
C:\Users\fatih\source\repos\EfCore.Querying\tests\EfCore.Querying.Tests.Integration\Tests\SqlServerFilteringTests.cs(181,6): error CS0246: 'FactAttribute' t├╝r├╝ veya ad alan─▒ ad─▒ bulunamad─▒ (bir using y├Ânergeniz veya derleme ba┼şvurunuz mu eksik?) [C:\Users\fatih\source\repos\EfCore.Querying\EfCore.Querying.csproj]
C:\Users\fatih\source\repos\EfCore.Querying\tests\EfCore.Querying.Tests.Integration\Tests\SqlServerFilteringTests.cs(181,6): error CS0246: 'Fact' t├╝r├╝ veya ad alan─▒ ad─▒ bulunamad─▒ (bir using y├Ânergeniz veya derleme ba┼şvurunuz mu eksik?) [C:\Users\fatih\source\repos\EfCore.Querying\EfCore.Querying.csproj]
C:\Users\fatih\source\repos\EfCore.Querying\tests\EfCore.Querying.Tests.Integration\Tests\PostgreSqlFilteringTests.cs(269,6): error CS0246: 'FactAttribute' t├╝r├╝ veya ad alan─▒ ad─▒ bulunamad─▒ (bir using y├Ânergeniz veya derleme ba┼şvurunuz mu eksik?) [C:\Users\fatih\source\repos\EfCore.Querying\EfCore.Querying.csproj]
C:\Users\fatih\source\repos\EfCore.Querying\tests\EfCore.Querying.Tests.Integration\Tests\PostgreSqlFilteringTests.cs(269,6): error CS0246: 'Fact' t├╝r├╝ veya ad alan─▒ ad─▒ bulunamad─▒ (bir using y├Ânergeniz veya derleme ba┼şvurunuz mu eksik?) [C:\Users\fatih\source\repos\EfCore.Querying\EfCore.Querying.csproj]
C:\Users\fatih\source\repos\EfCore.Querying\tests\EfCore.Querying.Tests.Integration\Tests\SqlServerFilteringTests.cs(202,6): error CS0246: 'FactAttribute' t├╝r├╝ veya ad alan─▒ ad─▒ bulunamad─▒ (bir using y├Ânergeniz veya derleme ba┼şvurunuz mu eksik?) [C:\Users\fatih\source\repos\EfCore.Querying\EfCore.Querying.csproj]
C:\Users\fatih\source\repos\EfCore.Querying\tests\EfCore.Querying.Tests.Integration\Tests\SqlServerFilteringTests.cs(202,6): error CS0246: 'Fact' t├╝r├╝ veya ad alan─▒ ad─▒ bulunamad─▒ (bir using y├Ânergeniz veya derleme ba┼şvurunuz mu eksik?) [C:\Users\fatih\source\repos\EfCore.Querying\EfCore.Querying.csproj]
C:\Users\fatih\source\repos\EfCore.Querying\tests\EfCore.Querying.Tests.Integration\Tests\PostgreSqlFilteringTests.cs(299,6): error CS0246: 'FactAttribute' t├╝r├╝ veya ad alan─▒ ad─▒ bulunamad─▒ (bir using y├Ânergeniz veya derleme ba┼şvurunuz mu eksik?) [C:\Users\fatih\source\repos\EfCore.Querying\EfCore.Querying.csproj]
C:\Users\fatih\source\repos\EfCore.Querying\tests\EfCore.Querying.Tests.Integration\Tests\PostgreSqlFilteringTests.cs(299,6): error CS0246: 'Fact' t├╝r├╝ veya ad alan─▒ ad─▒ bulunamad─▒ (bir using y├Ânergeniz veya derleme ba┼şvurunuz mu eksik?) [C:\Users\fatih\source\repos\EfCore.Querying\EfCore.Querying.csproj]
C:\Users\fatih\source\repos\EfCore.Querying\tests\EfCore.Querying.Tests.Integration\Tests\SqlServerFilteringTests.cs(219,6): error CS0246: 'FactAttribute' t├╝r├╝ veya ad alan─▒ ad─▒ bulunamad─▒ (bir using y├Ânergeniz veya derleme ba┼şvurunuz mu eksik?) [C:\Users\fatih\source\repos\EfCore.Querying\EfCore.Querying.csproj]
C:\Users\fatih\source\repos\EfCore.Querying\tests\EfCore.Querying.Tests.Integration\Tests\SqlServerFilteringTests.cs(219,6): error CS0246: 'Fact' t├╝r├╝ veya ad alan─▒ ad─▒ bulunamad─▒ (bir using y├Ânergeniz veya derleme ba┼şvurunuz mu eksik?) [C:\Users\fatih\source\repos\EfCore.Querying\EfCore.Querying.csproj]
C:\Users\fatih\source\repos\EfCore.Querying\tests\EfCore.Querying.Tests.Integration\Tests\PostgreSqlFilteringTests.cs(321,6): error CS0246: 'FactAttribute' t├╝r├╝ veya ad alan─▒ ad─▒ bulunamad─▒ (bir using y├Ânergeniz veya derleme ba┼şvurunuz mu eksik?) [C:\Users\fatih\source\repos\EfCore.Querying\EfCore.Querying.csproj]
C:\Users\fatih\source\repos\EfCore.Querying\tests\EfCore.Querying.Tests.Integration\Tests\PostgreSqlFilteringTests.cs(321,6): error CS0246: 'Fact' t├╝r├╝ veya ad alan─▒ ad─▒ bulunamad─▒ (bir using y├Ânergeniz veya derleme ba┼şvurunuz mu eksik?) [C:\Users\fatih\source\repos\EfCore.Querying\EfCore.Querying.csproj]
C:\Users\fatih\source\repos\EfCore.Querying\tests\EfCore.Querying.Tests.Integration\Tests\SqlServerFilteringTests.cs(240,6): error CS0246: 'FactAttribute' t├╝r├╝ veya ad alan─▒ ad─▒ bulunamad─▒ (bir using y├Ânergeniz veya derleme ba┼şvurunuz mu eksik?) [C:\Users\fatih\source\repos\EfCore.Querying\EfCore.Querying.csproj]
C:\Users\fatih\source\repos\EfCore.Querying\tests\EfCore.Querying.Tests.Integration\Tests\SqlServerFilteringTests.cs(240,6): error CS0246: 'Fact' t├╝r├╝ veya ad alan─▒ ad─▒ bulunamad─▒ (bir using y├Ânergeniz veya derleme ba┼şvurunuz mu eksik?) [C:\Users\fatih\source\repos\EfCore.Querying\EfCore.Querying.csproj]
C:\Users\fatih\source\repos\EfCore.Querying\tests\EfCore.Querying.Tests.Integration\Tests\PostgreSqlFilteringTests.cs(347,6): error CS0246: 'FactAttribute' t├╝r├╝ veya ad alan─▒ ad─▒ bulunamad─▒ (bir using y├Ânergeniz veya derleme ba┼şvurunuz mu eksik?) [C:\Users\fatih\source\repos\EfCore.Querying\EfCore.Querying.csproj]
C:\Users\fatih\source\repos\EfCore.Querying\tests\EfCore.Querying.Tests.Integration\Tests\PostgreSqlFilteringTests.cs(347,6): error CS0246: 'Fact' t├╝r├╝ veya ad alan─▒ ad─▒ bulunamad─▒ (bir using y├Ânergeniz veya derleme ba┼şvurunuz mu eksik?) [C:\Users\fatih\source\repos\EfCore.Querying\EfCore.Querying.csproj]
C:\Users\fatih\source\repos\EfCore.Querying\tests\EfCore.Querying.Tests.Integration\Tests\SqlServerFilteringTests.cs(263,6): error CS0246: 'FactAttribute' t├╝r├╝ veya ad alan─▒ ad─▒ bulunamad─▒ (bir using y├Ânergeniz veya derleme ba┼şvurunuz mu eksik?) [C:\Users\fatih\source\repos\EfCore.Querying\EfCore.Querying.csproj]
C:\Users\fatih\source\repos\EfCore.Querying\tests\EfCore.Querying.Tests.Integration\Tests\SqlServerFilteringTests.cs(263,6): error CS0246: 'Fact' t├╝r├╝ veya ad alan─▒ ad─▒ bulunamad─▒ (bir using y├Ânergeniz veya derleme ba┼şvurunuz mu eksik?) [C:\Users\fatih\source\repos\EfCore.Querying\EfCore.Querying.csproj]
C:\Users\fatih\source\repos\EfCore.Querying\tests\EfCore.Querying.Tests.Integration\Tests\PostgreSqlFilteringTests.cs(363,6): error CS0246: 'FactAttribute' t├╝r├╝ veya ad alan─▒ ad─▒ bulunamad─▒ (bir using y├Ânergeniz veya derleme ba┼şvurunuz mu eksik?) [C:\Users\fatih\source\repos\EfCore.Querying\EfCore.Querying.csproj]
C:\Users\fatih\source\repos\EfCore.Querying\tests\EfCore.Querying.Tests.Integration\Tests\PostgreSqlFilteringTests.cs(363,6): error CS0246: 'Fact' t├╝r├╝ veya ad alan─▒ ad─▒ bulunamad─▒ (bir using y├Ânergeniz veya derleme ba┼şvurunuz mu eksik?) [C:\Users\fatih\source\repos\EfCore.Querying\EfCore.Querying.csproj]
C:\Users\fatih\source\repos\EfCore.Querying\tests\EfCore.Querying.Tests.Integration\Tests\SqlServerFilteringTests.cs(283,6): error CS0246: 'FactAttribute' t├╝r├╝ veya ad alan─▒ ad─▒ bulunamad─▒ (bir using y├Ânergeniz veya derleme ba┼şvurunuz mu eksik?) [C:\Users\fatih\source\repos\EfCore.Querying\EfCore.Querying.csproj]
C:\Users\fatih\source\repos\EfCore.Querying\tests\EfCore.Querying.Tests.Integration\Tests\SqlServerFilteringTests.cs(283,6): error CS0246: 'Fact' t├╝r├╝ veya ad alan─▒ ad─▒ bulunamad─▒ (bir using y├Ânergeniz veya derleme ba┼şvurunuz mu eksik?) [C:\Users\fatih\source\repos\EfCore.Querying\EfCore.Querying.csproj]
C:\Users\fatih\source\repos\EfCore.Querying\tests\EfCore.Querying.Tests.Integration\Tests\PostgreSqlFilteringTests.cs(379,6): error CS0246: 'FactAttribute' t├╝r├╝ veya ad alan─▒ ad─▒ bulunamad─▒ (bir using y├Ânergeniz veya derleme ba┼şvurunuz mu eksik?) [C:\Users\fatih\source\repos\EfCore.Querying\EfCore.Querying.csproj]
C:\Users\fatih\source\repos\EfCore.Querying\tests\EfCore.Querying.Tests.Integration\Tests\PostgreSqlFilteringTests.cs(379,6): error CS0246: 'Fact' t├╝r├╝ veya ad alan─▒ ad─▒ bulunamad─▒ (bir using y├Ânergeniz veya derleme ba┼şvurunuz mu eksik?) [C:\Users\fatih\source\repos\EfCore.Querying\EfCore.Querying.csproj]
C:\Users\fatih\source\repos\EfCore.Querying\tests\EfCore.Querying.Tests.Integration\Tests\SqlServerFilteringTests.cs(313,6): error CS0246: 'FactAttribute' t├╝r├╝ veya ad alan─▒ ad─▒ bulunamad─▒ (bir using y├Ânergeniz veya derleme ba┼şvurunuz mu eksik?) [C:\Users\fatih\source\repos\EfCore.Querying\EfCore.Querying.csproj]
C:\Users\fatih\source\repos\EfCore.Querying\tests\EfCore.Querying.Tests.Integration\Tests\SqlServerFilteringTests.cs(313,6): error CS0246: 'Fact' t├╝r├╝ veya ad alan─▒ ad─▒ bulunamad─▒ (bir using y├Ânergeniz veya derleme ba┼şvurunuz mu eksik?) [C:\Users\fatih\source\repos\EfCore.Querying\EfCore.Querying.csproj]
C:\Users\fatih\source\repos\EfCore.Querying\tests\EfCore.Querying.Tests.Integration\Tests\PostgreSqlFilteringTests.cs(400,6): error CS0246: 'FactAttribute' t├╝r├╝ veya ad alan─▒ ad─▒ bulunamad─▒ (bir using y├Ânergeniz veya derleme ba┼şvurunuz mu eksik?) [C:\Users\fatih\source\repos\EfCore.Querying\EfCore.Querying.csproj]
C:\Users\fatih\source\repos\EfCore.Querying\tests\EfCore.Querying.Tests.Integration\Tests\PostgreSqlFilteringTests.cs(400,6): error CS0246: 'Fact' t├╝r├╝ veya ad alan─▒ ad─▒ bulunamad─▒ (bir using y├Ânergeniz veya derleme ba┼şvurunuz mu eksik?) [C:\Users\fatih\source\repos\EfCore.Querying\EfCore.Querying.csproj]
C:\Users\fatih\source\repos\EfCore.Querying\tests\EfCore.Querying.Tests.Integration\Tests\SqlServerFilteringTests.cs(335,6): error CS0246: 'FactAttribute' t├╝r├╝ veya ad alan─▒ ad─▒ bulunamad─▒ (bir using y├Ânergeniz veya derleme ba┼şvurunuz mu eksik?) [C:\Users\fatih\source\repos\EfCore.Querying\EfCore.Querying.csproj]
C:\Users\fatih\source\repos\EfCore.Querying\tests\EfCore.Querying.Tests.Integration\Tests\SqlServerFilteringTests.cs(335,6): error CS0246: 'Fact' t├╝r├╝ veya ad alan─▒ ad─▒ bulunamad─▒ (bir using y├Ânergeniz veya derleme ba┼şvurunuz mu eksik?) [C:\Users\fatih\source\repos\EfCore.Querying\EfCore.Querying.csproj]
C:\Users\fatih\source\repos\EfCore.Querying\tests\EfCore.Querying.Tests.Integration\Tests\PostgreSqlFilteringTests.cs(423,6): error CS0246: 'FactAttribute' t├╝r├╝ veya ad alan─▒ ad─▒ bulunamad─▒ (bir using y├Ânergeniz veya derleme ba┼şvurunuz mu eksik?) [C:\Users\fatih\source\repos\EfCore.Querying\EfCore.Querying.csproj]
C:\Users\fatih\source\repos\EfCore.Querying\tests\EfCore.Querying.Tests.Integration\Tests\PostgreSqlFilteringTests.cs(423,6): error CS0246: 'Fact' t├╝r├╝ veya ad alan─▒ ad─▒ bulunamad─▒ (bir using y├Ânergeniz veya derleme ba┼şvurunuz mu eksik?) [C:\Users\fatih\source\repos\EfCore.Querying\EfCore.Querying.csproj]
C:\Users\fatih\source\repos\EfCore.Querying\tests\EfCore.Querying.Tests.Integration\Tests\SqlServerFilteringTests.cs(357,6): error CS0246: 'FactAttribute' t├╝r├╝ veya ad alan─▒ ad─▒ bulunamad─▒ (bir using y├Ânergeniz veya derleme ba┼şvurunuz mu eksik?) [C:\Users\fatih\source\repos\EfCore.Querying\EfCore.Querying.csproj]
C:\Users\fatih\source\repos\EfCore.Querying\tests\EfCore.Querying.Tests.Integration\Tests\SqlServerFilteringTests.cs(357,6): error CS0246: 'Fact' t├╝r├╝ veya ad alan─▒ ad─▒ bulunamad─▒ (bir using y├Ânergeniz veya derleme ba┼şvurunuz mu eksik?) [C:\Users\fatih\source\repos\EfCore.Querying\EfCore.Querying.csproj]
C:\Users\fatih\source\repos\EfCore.Querying\tests\EfCore.Querying.Tests.Integration\Tests\PostgreSqlFilteringTests.cs(441,6): error CS0246: 'FactAttribute' t├╝r├╝ veya ad alan─▒ ad─▒ bulunamad─▒ (bir using y├Ânergeniz veya derleme ba┼şvurunuz mu eksik?) [C:\Users\fatih\source\repos\EfCore.Querying\EfCore.Querying.csproj]
C:\Users\fatih\source\repos\EfCore.Querying\tests\EfCore.Querying.Tests.Integration\Tests\PostgreSqlFilteringTests.cs(441,6): error CS0246: 'Fact' t├╝r├╝ veya ad alan─▒ ad─▒ bulunamad─▒ (bir using y├Ânergeniz veya derleme ba┼şvurunuz mu eksik?) [C:\Users\fatih\source\repos\EfCore.Querying\EfCore.Querying.csproj]
C:\Users\fatih\source\repos\EfCore.Querying\tests\EfCore.Querying.Tests.Integration\Tests\SqlServerFilteringTests.cs(380,6): error CS0246: 'FactAttribute' t├╝r├╝ veya ad alan─▒ ad─▒ bulunamad─▒ (bir using y├Ânergeniz veya derleme ba┼şvurunuz mu eksik?) [C:\Users\fatih\source\repos\EfCore.Querying\EfCore.Querying.csproj]
C:\Users\fatih\source\repos\EfCore.Querying\tests\EfCore.Querying.Tests.Integration\Tests\SqlServerFilteringTests.cs(380,6): error CS0246: 'Fact' t├╝r├╝ veya ad alan─▒ ad─▒ bulunamad─▒ (bir using y├Ânergeniz veya derleme ba┼şvurunuz mu eksik?) [C:\Users\fatih\source\repos\EfCore.Querying\EfCore.Querying.csproj]
C:\Users\fatih\source\repos\EfCore.Querying\tests\EfCore.Querying.Tests.Integration\Tests\PostgreSqlFilteringTests.cs(462,6): error CS0246: 'FactAttribute' t├╝r├╝ veya ad alan─▒ ad─▒ bulunamad─▒ (bir using y├Ânergeniz veya derleme ba┼şvurunuz mu eksik?) [C:\Users\fatih\source\repos\EfCore.Querying\EfCore.Querying.csproj]
C:\Users\fatih\source\repos\EfCore.Querying\tests\EfCore.Querying.Tests.Integration\Tests\PostgreSqlFilteringTests.cs(462,6): error CS0246: 'Fact' t├╝r├╝ veya ad alan─▒ ad─▒ bulunamad─▒ (bir using y├Ânergeniz veya derleme ba┼şvurunuz mu eksik?) [C:\Users\fatih\source\repos\EfCore.Querying\EfCore.Querying.csproj]
C:\Users\fatih\source\repos\EfCore.Querying\tests\EfCore.Querying.Tests.Integration\Tests\SqlServerFilteringTests.cs(396,6): error CS0246: 'FactAttribute' t├╝r├╝ veya ad alan─▒ ad─▒ bulunamad─▒ (bir using y├Ânergeniz veya derleme ba┼şvurunuz mu eksik?) [C:\Users\fatih\source\repos\EfCore.Querying\EfCore.Querying.csproj]
C:\Users\fatih\source\repos\EfCore.Querying\tests\EfCore.Querying.Tests.Integration\Tests\SqlServerFilteringTests.cs(396,6): error CS0246: 'Fact' t├╝r├╝ veya ad alan─▒ ad─▒ bulunamad─▒ (bir using y├Ânergeniz veya derleme ba┼şvurunuz mu eksik?) [C:\Users\fatih\source\repos\EfCore.Querying\EfCore.Querying.csproj]
C:\Users\fatih\source\repos\EfCore.Querying\tests\EfCore.Querying.Tests.Integration\Tests\SqlServerFilteringTests.cs(412,6): error CS0246: 'FactAttribute' t├╝r├╝ veya ad alan─▒ ad─▒ bulunamad─▒ (bir using y├Ânergeniz veya derleme ba┼şvurunuz mu eksik?) [C:\Users\fatih\source\repos\EfCore.Querying\EfCore.Querying.csproj]
C:\Users\fatih\source\repos\EfCore.Querying\tests\EfCore.Querying.Tests.Integration\Tests\SqlServerFilteringTests.cs(412,6): error CS0246: 'Fact' t├╝r├╝ veya ad alan─▒ ad─▒ bulunamad─▒ (bir using y├Ânergeniz veya derleme ba┼şvurunuz mu eksik?) [C:\Users\fatih\source\repos\EfCore.Querying\EfCore.Querying.csproj]
C:\Users\fatih\source\repos\EfCore.Querying\tests\EfCore.Querying.Tests.Integration\Tests\SqlServerFilteringTests.cs(435,6): error CS0246: 'FactAttribute' t├╝r├╝ veya ad alan─▒ ad─▒ bulunamad─▒ (bir using y├Ânergeniz veya derleme ba┼şvurunuz mu eksik?) [C:\Users\fatih\source\repos\EfCore.Querying\EfCore.Querying.csproj]
C:\Users\fatih\source\repos\EfCore.Querying\tests\EfCore.Querying.Tests.Integration\Tests\SqlServerFilteringTests.cs(435,6): error CS0246: 'Fact' t├╝r├╝ veya ad alan─▒ ad─▒ bulunamad─▒ (bir using y├Ânergeniz veya derleme ba┼şvurunuz mu eksik?) [C:\Users\fatih\source\repos\EfCore.Querying\EfCore.Querying.csproj]
C:\Users\fatih\source\repos\EfCore.Querying\tests\EfCore.Querying.Tests.Integration\Tests\SqlServerFilteringTests.cs(458,6): error CS0246: 'FactAttribute' t├╝r├╝ veya ad alan─▒ ad─▒ bulunamad─▒ (bir using y├Ânergeniz veya derleme ba┼şvurunuz mu eksik?) [C:\Users\fatih\source\repos\EfCore.Querying\EfCore.Querying.csproj]
C:\Users\fatih\source\repos\EfCore.Querying\tests\EfCore.Querying.Tests.Integration\Tests\SqlServerFilteringTests.cs(458,6): error CS0246: 'Fact' t├╝r├╝ veya ad alan─▒ ad─▒ bulunamad─▒ (bir using y├Ânergeniz veya derleme ba┼şvurunuz mu eksik?) [C:\Users\fatih\source\repos\EfCore.Querying\EfCore.Querying.csproj]
C:\Users\fatih\source\repos\EfCore.Querying\tests\EfCore.Querying.Tests.Integration\Tests\SqlServerFilteringTests.cs(486,6): error CS0246: 'FactAttribute' t├╝r├╝ veya ad alan─▒ ad─▒ bulunamad─▒ (bir using y├Ânergeniz veya derleme ba┼şvurunuz mu eksik?) [C:\Users\fatih\source\repos\EfCore.Querying\EfCore.Querying.csproj]
C:\Users\fatih\source\repos\EfCore.Querying\tests\EfCore.Querying.Tests.Integration\Tests\SqlServerFilteringTests.cs(486,6): error CS0246: 'Fact' t├╝r├╝ veya ad alan─▒ ad─▒ bulunamad─▒ (bir using y├Ânergeniz veya derleme ba┼şvurunuz mu eksik?) [C:\Users\fatih\source\repos\EfCore.Querying\EfCore.Querying.csproj]

Olu┼şturma BA┼ŞARISIZ OLDU.

C:\Users\fatih\source\repos\EfCore.Querying\tests\EfCore.Querying.Tests.Integration\obj\Debug\net8.0\EfCore.Querying.Tests.Integration.GlobalUsings.g.cs(9,14): error CS0246: 'Xunit' t├╝r├╝ veya ad alan─▒ ad─▒ bulunamad─▒ (bir using y├Ânergeniz veya derleme ba┼şvurunuz mu eksik?) [C:\Users\fatih\source\repos\EfCore.Querying\EfCore.Querying.csproj]
C:\Users\fatih\source\repos\EfCore.Querying\tests\EfCore.Querying.Tests.Integration\Tests\CollectionFilteringTests.cs(4,7): error CS0246: 'FluentAssertions' t├╝r├╝ veya ad alan─▒ ad─▒ bulunamad─▒ (bir using y├Ânergeniz veya derleme ba┼şvurunuz mu eksik?) [C:\Users\fatih\source\repos\EfCore.Querying\EfCore.Querying.csproj]
C:\Users\fatih\source\repos\EfCore.Querying\tests\EfCore.Querying.Tests.Integration\Tests\PostgreSqlFilteringTests.cs(4,7): error CS0246: 'FluentAssertions' t├╝r├╝ veya ad alan─▒ ad─▒ bulunamad─▒ (bir using y├Ânergeniz veya derleme ba┼şvurunuz mu eksik?) [C:\Users\fatih\source\repos\EfCore.Querying\EfCore.Querying.csproj]
C:\Users\fatih\source\repos\EfCore.Querying\tests\EfCore.Querying.Tests.Integration\Tests\SqlServerFilteringTests.cs(4,7): error CS0246: 'FluentAssertions' t├╝r├╝ veya ad alan─▒ ad─▒ bulunamad─▒ (bir using y├Ânergeniz veya derleme ba┼şvurunuz mu eksik?) [C:\Users\fatih\source\repos\EfCore.Querying\EfCore.Querying.csproj]
C:\Users\fatih\source\repos\EfCore.Querying\tests\EfCore.Querying.Tests.Integration\Fixtures\DatabaseFixture.cs(10,37): error CS0246: 'IAsyncLifetime' t├╝r├╝ veya ad alan─▒ ad─▒ bulunamad─▒ (bir using y├Ânergeniz veya derleme ba┼şvurunuz mu eksik?) [C:\Users\fatih\source\repos\EfCore.Querying\EfCore.Querying.csproj]
C:\Users\fatih\source\repos\EfCore.Querying\tests\EfCore.Querying.Tests.Integration\Tests\CollectionFilteringTests.cs(14,50): error CS0246: 'IClassFixture<>' t├╝r├╝ veya ad alan─▒ ad─▒ bulunamad─▒ (bir using y├Ânergeniz veya derleme ba┼şvurunuz mu eksik?) [C:\Users\fatih\source\repos\EfCore.Querying\EfCore.Querying.csproj]
C:\Users\fatih\source\repos\EfCore.Querying\tests\EfCore.Querying.Tests.Integration\Tests\PostgreSqlFilteringTests.cs(13,41): error CS0246: 'IClassFixture<>' t├╝r├╝ veya ad alan─▒ ad─▒ bulunamad─▒ (bir using y├Ânergeniz veya derleme ba┼şvurunuz mu eksik?) [C:\Users\fatih\source\repos\EfCore.Querying\EfCore.Querying.csproj]
C:\Users\fatih\source\repos\EfCore.Querying\tests\EfCore.Querying.Tests.Integration\Tests\CollectionFilteringTests.cs(221,51): error CS0246: 'IClassFixture<>' t├╝r├╝ veya ad alan─▒ ad─▒ bulunamad─▒ (bir using y├Ânergeniz veya derleme ba┼şvurunuz mu eksik?) [C:\Users\fatih\source\repos\EfCore.Querying\EfCore.Querying.csproj]
C:\Users\fatih\source\repos\EfCore.Querying\tests\EfCore.Querying.Tests.Integration\Tests\SqlServerFilteringTests.cs(12,44): error CS0246: 'IClassFixture<>' t├╝r├╝ veya ad alan─▒ ad─▒ bulunamad─▒ (bir using y├Ânergeniz veya derleme ba┼şvurunuz mu eksik?) [C:\Users\fatih\source\repos\EfCore.Querying\EfCore.Querying.csproj]
C:\Users\fatih\source\repos\EfCore.Querying\tests\EfCore.Querying.Tests.Integration\Tests\SqlServerFilteringTests.cs(26,40): error CS0246: 'IClassFixture<>' t├╝r├╝ veya ad alan─▒ ad─▒ bulunamad─▒ (bir using y├Ânergeniz veya derleme ba┼şvurunuz mu eksik?) [C:\Users\fatih\source\repos\EfCore.Querying\EfCore.Querying.csproj]
C:\Users\fatih\source\repos\EfCore.Querying\tests\EfCore.Querying.Tests.Integration\Tests\TestCollections.cs(10,36): error CS0246: 'ICollectionFixture<>' t├╝r├╝ veya ad alan─▒ ad─▒ bulunamad─▒ (bir using y├Ânergeniz veya derleme ba┼şvurunuz mu eksik?) [C:\Users\fatih\source\repos\EfCore.Querying\EfCore.Querying.csproj]
C:\Users\fatih\source\repos\EfCore.Querying\tests\EfCore.Querying.Tests.Integration\Tests\TestCollections.cs(19,37): error CS0246: 'ICollectionFixture<>' t├╝r├╝ veya ad alan─▒ ad─▒ bulunamad─▒ (bir using y├Ânergeniz veya derleme ba┼şvurunuz mu eksik?) [C:\Users\fatih\source\repos\EfCore.Querying\EfCore.Querying.csproj]
C:\Users\fatih\source\repos\EfCore.Querying\tests\EfCore.Querying.Tests.Integration\Tests\TestCollections.cs(27,35): error CS0246: 'ICollectionFixture<>' t├╝r├╝ veya ad alan─▒ ad─▒ bulunamad─▒ (bir using y├Ânergeniz veya derleme ba┼şvurunuz mu eksik?) [C:\Users\fatih\source\repos\EfCore.Querying\EfCore.Querying.csproj]
C:\Users\fatih\source\repos\EfCore.Querying\tests\EfCore.Querying.Tests.Integration\Tests\PostgreSqlFilteringTests.cs(12,2): error CS0246: 'CollectionAttribute' t├╝r├╝ veya ad alan─▒ ad─▒ bulunamad─▒ (bir using y├Ânergeniz veya derleme ba┼şvurunuz mu eksik?) [C:\Users\fatih\source\repos\EfCore.Querying\EfCore.Querying.csproj]
C:\Users\fatih\source\repos\EfCore.Querying\tests\EfCore.Querying.Tests.Integration\Tests\PostgreSqlFilteringTests.cs(12,2): error CS0246: 'Collection' t├╝r├╝ veya ad alan─▒ ad─▒ bulunamad─▒ (bir using y├Ânergeniz veya derleme ba┼şvurunuz mu eksik?) [C:\Users\fatih\source\repos\EfCore.Querying\EfCore.Querying.csproj]
C:\Users\fatih\source\repos\EfCore.Querying\tests\EfCore.Querying.Tests.Integration\Tests\CollectionFilteringTests.cs(13,2): error CS0246: 'CollectionAttribute' t├╝r├╝ veya ad alan─▒ ad─▒ bulunamad─▒ (bir using y├Ânergeniz veya derleme ba┼şvurunuz mu eksik?) [C:\Users\fatih\source\repos\EfCore.Querying\EfCore.Querying.csproj]
C:\Users\fatih\source\repos\EfCore.Querying\tests\EfCore.Querying.Tests.Integration\Tests\CollectionFilteringTests.cs(13,2): error CS0246: 'Collection' t├╝r├╝ veya ad alan─▒ ad─▒ bulunamad─▒ (bir using y├Ânergeniz veya derleme ba┼şvurunuz mu eksik?) [C:\Users\fatih\source\repos\EfCore.Querying\EfCore.Querying.csproj]
C:\Users\fatih\source\repos\EfCore.Querying\tests\EfCore.Querying.Tests.Integration\Fixtures\DatabaseFixture.cs(69,22): error CS0246: 'Testcontainers' t├╝r├╝ veya ad alan─▒ ad─▒ bulunamad─▒ (bir using y├Ânergeniz veya derleme ba┼şvurunuz mu eksik?) [C:\Users\fatih\source\repos\EfCore.Querying\EfCore.Querying.csproj]
C:\Users\fatih\source\repos\EfCore.Querying\tests\EfCore.Querying.Tests.Integration\Tests\CollectionFilteringTests.cs(220,2): error CS0246: 'CollectionAttribute' t├╝r├╝ veya ad alan─▒ ad─▒ bulunamad─▒ (bir using y├Ânergeniz veya derleme ba┼şvurunuz mu eksik?) [C:\Users\fatih\source\repos\EfCore.Querying\EfCore.Querying.csproj]
C:\Users\fatih\source\repos\EfCore.Querying\tests\EfCore.Querying.Tests.Integration\Tests\CollectionFilteringTests.cs(220,2): error CS0246: 'Collection' t├╝r├╝ veya ad alan─▒ ad─▒ bulunamad─▒ (bir using y├Ânergeniz veya derleme ba┼şvurunuz mu eksik?) [C:\Users\fatih\source\repos\EfCore.Querying\EfCore.Querying.csproj]
C:\Users\fatih\source\repos\EfCore.Querying\tests\EfCore.Querying.Tests.Integration\Tests\SqlServerFilteringTests.cs(25,2): error CS0246: 'CollectionAttribute' t├╝r├╝ veya ad alan─▒ ad─▒ bulunamad─▒ (bir using y├Ânergeniz veya derleme ba┼şvurunuz mu eksik?) [C:\Users\fatih\source\repos\EfCore.Querying\EfCore.Querying.csproj]
C:\Users\fatih\source\repos\EfCore.Querying\tests\EfCore.Querying.Tests.Integration\Tests\SqlServerFilteringTests.cs(25,2): error CS0246: 'Collection' t├╝r├╝ veya ad alan─▒ ad─▒ bulunamad─▒ (bir using y├Ânergeniz veya derleme ba┼şvurunuz mu eksik?) [C:\Users\fatih\source\repos\EfCore.Querying\EfCore.Querying.csproj]
C:\Users\fatih\source\repos\EfCore.Querying\tests\EfCore.Querying.Tests.Integration\Tests\TestCollections.cs(9,2): error CS0246: 'CollectionDefinitionAttribute' t├╝r├╝ veya ad alan─▒ ad─▒ bulunamad─▒ (bir using y├Ânergeniz veya derleme ba┼şvurunuz mu eksik?) [C:\Users\fatih\source\repos\EfCore.Querying\EfCore.Querying.csproj]
C:\Users\fatih\source\repos\EfCore.Querying\tests\EfCore.Querying.Tests.Integration\Tests\TestCollections.cs(9,2): error CS0246: 'CollectionDefinition' t├╝r├╝ veya ad alan─▒ ad─▒ bulunamad─▒ (bir using y├Ânergeniz veya derleme ba┼şvurunuz mu eksik?) [C:\Users\fatih\source\repos\EfCore.Querying\EfCore.Querying.csproj]
C:\Users\fatih\source\repos\EfCore.Querying\tests\EfCore.Querying.Tests.Integration\Tests\TestCollections.cs(18,2): error CS0246: 'CollectionDefinitionAttribute' t├╝r├╝ veya ad alan─▒ ad─▒ bulunamad─▒ (bir using y├Ânergeniz veya derleme ba┼şvurunuz mu eksik?) [C:\Users\fatih\source\repos\EfCore.Querying\EfCore.Querying.csproj]
C:\Users\fatih\source\repos\EfCore.Querying\tests\EfCore.Querying.Tests.Integration\Tests\TestCollections.cs(18,2): error CS0246: 'CollectionDefinition' t├╝r├╝ veya ad alan─▒ ad─▒ bulunamad─▒ (bir using y├Ânergeniz veya derleme ba┼şvurunuz mu eksik?) [C:\Users\fatih\source\repos\EfCore.Querying\EfCore.Querying.csproj]
C:\Users\fatih\source\repos\EfCore.Querying\tests\EfCore.Querying.Tests.Integration\Tests\TestCollections.cs(26,2): error CS0246: 'CollectionDefinitionAttribute' t├╝r├╝ veya ad alan─▒ ad─▒ bulunamad─▒ (bir using y├Ânergeniz veya derleme ba┼şvurunuz mu eksik?) [C:\Users\fatih\source\repos\EfCore.Querying\EfCore.Querying.csproj]
C:\Users\fatih\source\repos\EfCore.Querying\tests\EfCore.Querying.Tests.Integration\Tests\TestCollections.cs(26,2): error CS0246: 'CollectionDefinition' t├╝r├╝ veya ad alan─▒ ad─▒ bulunamad─▒ (bir using y├Ânergeniz veya derleme ba┼şvurunuz mu eksik?) [C:\Users\fatih\source\repos\EfCore.Querying\EfCore.Querying.csproj]
C:\Users\fatih\source\repos\EfCore.Querying\tests\EfCore.Querying.Tests.Integration\Tests\CollectionFilteringTests.cs(25,6): error CS0246: 'FactAttribute' t├╝r├╝ veya ad alan─▒ ad─▒ bulunamad─▒ (bir using y├Ânergeniz veya derleme ba┼şvurunuz mu eksik?) [C:\Users\fatih\source\repos\EfCore.Querying\EfCore.Querying.csproj]
C:\Users\fatih\source\repos\EfCore.Querying\tests\EfCore.Querying.Tests.Integration\Tests\CollectionFilteringTests.cs(25,6): error CS0246: 'Fact' t├╝r├╝ veya ad alan─▒ ad─▒ bulunamad─▒ (bir using y├Ânergeniz veya derleme ba┼şvurunuz mu eksik?) [C:\Users\fatih\source\repos\EfCore.Querying\EfCore.Querying.csproj]
C:\Users\fatih\source\repos\EfCore.Querying\tests\EfCore.Querying.Tests.Integration\Tests\PostgreSqlFilteringTests.cs(24,6): error CS0246: 'FactAttribute' t├╝r├╝ veya ad alan─▒ ad─▒ bulunamad─▒ (bir using y├Ânergeniz veya derleme ba┼şvurunuz mu eksik?) [C:\Users\fatih\source\repos\EfCore.Querying\EfCore.Querying.csproj]
C:\Users\fatih\source\repos\EfCore.Querying\tests\EfCore.Querying.Tests.Integration\Tests\PostgreSqlFilteringTests.cs(24,6): error CS0246: 'Fact' t├╝r├╝ veya ad alan─▒ ad─▒ bulunamad─▒ (bir using y├Ânergeniz veya derleme ba┼şvurunuz mu eksik?) [C:\Users\fatih\source\repos\EfCore.Querying\EfCore.Querying.csproj]
C:\Users\fatih\source\repos\EfCore.Querying\tests\EfCore.Querying.Tests.Integration\Tests\CollectionFilteringTests.cs(45,6): error CS0246: 'FactAttribute' t├╝r├╝ veya ad alan─▒ ad─▒ bulunamad─▒ (bir using y├Ânergeniz veya derleme ba┼şvurunuz mu eksik?) [C:\Users\fatih\source\repos\EfCore.Querying\EfCore.Querying.csproj]
C:\Users\fatih\source\repos\EfCore.Querying\tests\EfCore.Querying.Tests.Integration\Tests\CollectionFilteringTests.cs(45,6): error CS0246: 'Fact' t├╝r├╝ veya ad alan─▒ ad─▒ bulunamad─▒ (bir using y├Ânergeniz veya derleme ba┼şvurunuz mu eksik?) [C:\Users\fatih\source\repos\EfCore.Querying\EfCore.Querying.csproj]
C:\Users\fatih\source\repos\EfCore.Querying\tests\EfCore.Querying.Tests.Integration\Tests\PostgreSqlFilteringTests.cs(41,6): error CS0246: 'FactAttribute' t├╝r├╝ veya ad alan─▒ ad─▒ bulunamad─▒ (bir using y├Ânergeniz veya derleme ba┼şvurunuz mu eksik?) [C:\Users\fatih\source\repos\EfCore.Querying\EfCore.Querying.csproj]
C:\Users\fatih\source\repos\EfCore.Querying\tests\EfCore.Querying.Tests.Integration\Tests\PostgreSqlFilteringTests.cs(41,6): error CS0246: 'Fact' t├╝r├╝ veya ad alan─▒ ad─▒ bulunamad─▒ (bir using y├Ânergeniz veya derleme ba┼şvurunuz mu eksik?) [C:\Users\fatih\source\repos\EfCore.Querying\EfCore.Querying.csproj]
C:\Users\fatih\source\repos\EfCore.Querying\tests\EfCore.Querying.Tests.Integration\Tests\CollectionFilteringTests.cs(232,6): error CS0246: 'FactAttribute' t├╝r├╝ veya ad alan─▒ ad─▒ bulunamad─▒ (bir using y├Ânergeniz veya derleme ba┼şvurunuz mu eksik?) [C:\Users\fatih\source\repos\EfCore.Querying\EfCore.Querying.csproj]
C:\Users\fatih\source\repos\EfCore.Querying\tests\EfCore.Querying.Tests.Integration\Tests\CollectionFilteringTests.cs(232,6): error CS0246: 'Fact' t├╝r├╝ veya ad alan─▒ ad─▒ bulunamad─▒ (bir using y├Ânergeniz veya derleme ba┼şvurunuz mu eksik?) [C:\Users\fatih\source\repos\EfCore.Querying\EfCore.Querying.csproj]
C:\Users\fatih\source\repos\EfCore.Querying\tests\EfCore.Querying.Tests.Integration\Tests\CollectionFilteringTests.cs(65,6): error CS0246: 'FactAttribute' t├╝r├╝ veya ad alan─▒ ad─▒ bulunamad─▒ (bir using y├Ânergeniz veya derleme ba┼şvurunuz mu eksik?) [C:\Users\fatih\source\repos\EfCore.Querying\EfCore.Querying.csproj]
C:\Users\fatih\source\repos\EfCore.Querying\tests\EfCore.Querying.Tests.Integration\Tests\CollectionFilteringTests.cs(65,6): error CS0246: 'Fact' t├╝r├╝ veya ad alan─▒ ad─▒ bulunamad─▒ (bir using y├Ânergeniz veya derleme ba┼şvurunuz mu eksik?) [C:\Users\fatih\source\repos\EfCore.Querying\EfCore.Querying.csproj]
C:\Users\fatih\source\repos\EfCore.Querying\tests\EfCore.Querying.Tests.Integration\Tests\PostgreSqlFilteringTests.cs(62,6): error CS0246: 'FactAttribute' t├╝r├╝ veya ad alan─▒ ad─▒ bulunamad─▒ (bir using y├Ânergeniz veya derleme ba┼şvurunuz mu eksik?) [C:\Users\fatih\source\repos\EfCore.Querying\EfCore.Querying.csproj]
C:\Users\fatih\source\repos\EfCore.Querying\tests\EfCore.Querying.Tests.Integration\Tests\PostgreSqlFilteringTests.cs(62,6): error CS0246: 'Fact' t├╝r├╝ veya ad alan─▒ ad─▒ bulunamad─▒ (bir using y├Ânergeniz veya derleme ba┼şvurunuz mu eksik?) [C:\Users\fatih\source\repos\EfCore.Querying\EfCore.Querying.csproj]
C:\Users\fatih\source\repos\EfCore.Querying\tests\EfCore.Querying.Tests.Integration\Tests\SqlServerFilteringTests.cs(37,6): error CS0246: 'FactAttribute' t├╝r├╝ veya ad alan─▒ ad─▒ bulunamad─▒ (bir using y├Ânergeniz veya derleme ba┼şvurunuz mu eksik?) [C:\Users\fatih\source\repos\EfCore.Querying\EfCore.Querying.csproj]
C:\Users\fatih\source\repos\EfCore.Querying\tests\EfCore.Querying.Tests.Integration\Tests\SqlServerFilteringTests.cs(37,6): error CS0246: 'Fact' t├╝r├╝ veya ad alan─▒ ad─▒ bulunamad─▒ (bir using y├Ânergeniz veya derleme ba┼şvurunuz mu eksik?) [C:\Users\fatih\source\repos\EfCore.Querying\EfCore.Querying.csproj]
C:\Users\fatih\source\repos\EfCore.Querying\tests\EfCore.Querying.Tests.Integration\Tests\CollectionFilteringTests.cs(94,6): error CS0246: 'FactAttribute' t├╝r├╝ veya ad alan─▒ ad─▒ bulunamad─▒ (bir using y├Ânergeniz veya derleme ba┼şvurunuz mu eksik?) [C:\Users\fatih\source\repos\EfCore.Querying\EfCore.Querying.csproj]
C:\Users\fatih\source\repos\EfCore.Querying\tests\EfCore.Querying.Tests.Integration\Tests\CollectionFilteringTests.cs(94,6): error CS0246: 'Fact' t├╝r├╝ veya ad alan─▒ ad─▒ bulunamad─▒ (bir using y├Ânergeniz veya derleme ba┼şvurunuz mu eksik?) [C:\Users\fatih\source\repos\EfCore.Querying\EfCore.Querying.csproj]
C:\Users\fatih\source\repos\EfCore.Querying\tests\EfCore.Querying.Tests.Integration\Tests\CollectionFilteringTests.cs(252,6): error CS0246: 'FactAttribute' t├╝r├╝ veya ad alan─▒ ad─▒ bulunamad─▒ (bir using y├Ânergeniz veya derleme ba┼şvurunuz mu eksik?) [C:\Users\fatih\source\repos\EfCore.Querying\EfCore.Querying.csproj]
C:\Users\fatih\source\repos\EfCore.Querying\tests\EfCore.Querying.Tests.Integration\Tests\CollectionFilteringTests.cs(252,6): error CS0246: 'Fact' t├╝r├╝ veya ad alan─▒ ad─▒ bulunamad─▒ (bir using y├Ânergeniz veya derleme ba┼şvurunuz mu eksik?) [C:\Users\fatih\source\repos\EfCore.Querying\EfCore.Querying.csproj]
C:\Users\fatih\source\repos\EfCore.Querying\tests\EfCore.Querying.Tests.Integration\Tests\PostgreSqlFilteringTests.cs(79,6): error CS0246: 'FactAttribute' t├╝r├╝ veya ad alan─▒ ad─▒ bulunamad─▒ (bir using y├Ânergeniz veya derleme ba┼şvurunuz mu eksik?) [C:\Users\fatih\source\repos\EfCore.Querying\EfCore.Querying.csproj]
C:\Users\fatih\source\repos\EfCore.Querying\tests\EfCore.Querying.Tests.Integration\Tests\PostgreSqlFilteringTests.cs(79,6): error CS0246: 'Fact' t├╝r├╝ veya ad alan─▒ ad─▒ bulunamad─▒ (bir using y├Ânergeniz veya derleme ba┼şvurunuz mu eksik?) [C:\Users\fatih\source\repos\EfCore.Querying\EfCore.Querying.csproj]
C:\Users\fatih\source\repos\EfCore.Querying\tests\EfCore.Querying.Tests.Integration\Tests\CollectionFilteringTests.cs(115,6): error CS0246: 'FactAttribute' t├╝r├╝ veya ad alan─▒ ad─▒ bulunamad─▒ (bir using y├Ânergeniz veya derleme ba┼şvurunuz mu eksik?) [C:\Users\fatih\source\repos\EfCore.Querying\EfCore.Querying.csproj]
C:\Users\fatih\source\repos\EfCore.Querying\tests\EfCore.Querying.Tests.Integration\Tests\CollectionFilteringTests.cs(115,6): error CS0246: 'Fact' t├╝r├╝ veya ad alan─▒ ad─▒ bulunamad─▒ (bir using y├Ânergeniz veya derleme ba┼şvurunuz mu eksik?) [C:\Users\fatih\source\repos\EfCore.Querying\EfCore.Querying.csproj]
C:\Users\fatih\source\repos\EfCore.Querying\tests\EfCore.Querying.Tests.Integration\Tests\PostgreSqlFilteringTests.cs(96,6): error CS0246: 'FactAttribute' t├╝r├╝ veya ad alan─▒ ad─▒ bulunamad─▒ (bir using y├Ânergeniz veya derleme ba┼şvurunuz mu eksik?) [C:\Users\fatih\source\repos\EfCore.Querying\EfCore.Querying.csproj]
C:\Users\fatih\source\repos\EfCore.Querying\tests\EfCore.Querying.Tests.Integration\Tests\PostgreSqlFilteringTests.cs(96,6): error CS0246: 'Fact' t├╝r├╝ veya ad alan─▒ ad─▒ bulunamad─▒ (bir using y├Ânergeniz veya derleme ba┼şvurunuz mu eksik?) [C:\Users\fatih\source\repos\EfCore.Querying\EfCore.Querying.csproj]
C:\Users\fatih\source\repos\EfCore.Querying\tests\EfCore.Querying.Tests.Integration\Tests\SqlServerFilteringTests.cs(54,6): error CS0246: 'FactAttribute' t├╝r├╝ veya ad alan─▒ ad─▒ bulunamad─▒ (bir using y├Ânergeniz veya derleme ba┼şvurunuz mu eksik?) [C:\Users\fatih\source\repos\EfCore.Querying\EfCore.Querying.csproj]
C:\Users\fatih\source\repos\EfCore.Querying\tests\EfCore.Querying.Tests.Integration\Tests\SqlServerFilteringTests.cs(54,6): error CS0246: 'Fact' t├╝r├╝ veya ad alan─▒ ad─▒ bulunamad─▒ (bir using y├Ânergeniz veya derleme ba┼şvurunuz mu eksik?) [C:\Users\fatih\source\repos\EfCore.Querying\EfCore.Querying.csproj]
C:\Users\fatih\source\repos\EfCore.Querying\tests\EfCore.Querying.Tests.Integration\Tests\CollectionFilteringTests.cs(136,6): error CS0246: 'FactAttribute' t├╝r├╝ veya ad alan─▒ ad─▒ bulunamad─▒ (bir using y├Ânergeniz veya derleme ba┼şvurunuz mu eksik?) [C:\Users\fatih\source\repos\EfCore.Querying\EfCore.Querying.csproj]
C:\Users\fatih\source\repos\EfCore.Querying\tests\EfCore.Querying.Tests.Integration\Tests\CollectionFilteringTests.cs(136,6): error CS0246: 'Fact' t├╝r├╝ veya ad alan─▒ ad─▒ bulunamad─▒ (bir using y├Ânergeniz veya derleme ba┼şvurunuz mu eksik?) [C:\Users\fatih\source\repos\EfCore.Querying\EfCore.Querying.csproj]
C:\Users\fatih\source\repos\EfCore.Querying\tests\EfCore.Querying.Tests.Integration\Tests\CollectionFilteringTests.cs(276,6): error CS0246: 'FactAttribute' t├╝r├╝ veya ad alan─▒ ad─▒ bulunamad─▒ (bir using y├Ânergeniz veya derleme ba┼şvurunuz mu eksik?) [C:\Users\fatih\source\repos\EfCore.Querying\EfCore.Querying.csproj]
C:\Users\fatih\source\repos\EfCore.Querying\tests\EfCore.Querying.Tests.Integration\Tests\CollectionFilteringTests.cs(276,6): error CS0246: 'Fact' t├╝r├╝ veya ad alan─▒ ad─▒ bulunamad─▒ (bir using y├Ânergeniz veya derleme ba┼şvurunuz mu eksik?) [C:\Users\fatih\source\repos\EfCore.Querying\EfCore.Querying.csproj]
C:\Users\fatih\source\repos\EfCore.Querying\tests\EfCore.Querying.Tests.Integration\Tests\PostgreSqlFilteringTests.cs(113,6): error CS0246: 'FactAttribute' t├╝r├╝ veya ad alan─▒ ad─▒ bulunamad─▒ (bir using y├Ânergeniz veya derleme ba┼şvurunuz mu eksik?) [C:\Users\fatih\source\repos\EfCore.Querying\EfCore.Querying.csproj]
C:\Users\fatih\source\repos\EfCore.Querying\tests\EfCore.Querying.Tests.Integration\Tests\PostgreSqlFilteringTests.cs(113,6): error CS0246: 'Fact' t├╝r├╝ veya ad alan─▒ ad─▒ bulunamad─▒ (bir using y├Ânergeniz veya derleme ba┼şvurunuz mu eksik?) [C:\Users\fatih\source\repos\EfCore.Querying\EfCore.Querying.csproj]
C:\Users\fatih\source\repos\EfCore.Querying\tests\EfCore.Querying.Tests.Integration\Tests\CollectionFilteringTests.cs(168,6): error CS0246: 'FactAttribute' t├╝r├╝ veya ad alan─▒ ad─▒ bulunamad─▒ (bir using y├Ânergeniz veya derleme ba┼şvurunuz mu eksik?) [C:\Users\fatih\source\repos\EfCore.Querying\EfCore.Querying.csproj]
C:\Users\fatih\source\repos\EfCore.Querying\tests\EfCore.Querying.Tests.Integration\Tests\CollectionFilteringTests.cs(168,6): error CS0246: 'Fact' t├╝r├╝ veya ad alan─▒ ad─▒ bulunamad─▒ (bir using y├Ânergeniz veya derleme ba┼şvurunuz mu eksik?) [C:\Users\fatih\source\repos\EfCore.Querying\EfCore.Querying.csproj]
C:\Users\fatih\source\repos\EfCore.Querying\tests\EfCore.Querying.Tests.Integration\Tests\PostgreSqlFilteringTests.cs(133,6): error CS0246: 'FactAttribute' t├╝r├╝ veya ad alan─▒ ad─▒ bulunamad─▒ (bir using y├Ânergeniz veya derleme ba┼şvurunuz mu eksik?) [C:\Users\fatih\source\repos\EfCore.Querying\EfCore.Querying.csproj]
C:\Users\fatih\source\repos\EfCore.Querying\tests\EfCore.Querying.Tests.Integration\Tests\PostgreSqlFilteringTests.cs(133,6): error CS0246: 'Fact' t├╝r├╝ veya ad alan─▒ ad─▒ bulunamad─▒ (bir using y├Ânergeniz veya derleme ba┼şvurunuz mu eksik?) [C:\Users\fatih\source\repos\EfCore.Querying\EfCore.Querying.csproj]
C:\Users\fatih\source\repos\EfCore.Querying\tests\EfCore.Querying.Tests.Integration\Tests\SqlServerFilteringTests.cs(75,6): error CS0246: 'FactAttribute' t├╝r├╝ veya ad alan─▒ ad─▒ bulunamad─▒ (bir using y├Ânergeniz veya derleme ba┼şvurunuz mu eksik?) [C:\Users\fatih\source\repos\EfCore.Querying\EfCore.Querying.csproj]
C:\Users\fatih\source\repos\EfCore.Querying\tests\EfCore.Querying.Tests.Integration\Tests\SqlServerFilteringTests.cs(75,6): error CS0246: 'Fact' t├╝r├╝ veya ad alan─▒ ad─▒ bulunamad─▒ (bir using y├Ânergeniz veya derleme ba┼şvurunuz mu eksik?) [C:\Users\fatih\source\repos\EfCore.Querying\EfCore.Querying.csproj]
C:\Users\fatih\source\repos\EfCore.Querying\tests\EfCore.Querying.Tests.Integration\Tests\CollectionFilteringTests.cs(297,6): error CS0246: 'FactAttribute' t├╝r├╝ veya ad alan─▒ ad─▒ bulunamad─▒ (bir using y├Ânergeniz veya derleme ba┼şvurunuz mu eksik?) [C:\Users\fatih\source\repos\EfCore.Querying\EfCore.Querying.csproj]
C:\Users\fatih\source\repos\EfCore.Querying\tests\EfCore.Querying.Tests.Integration\Tests\CollectionFilteringTests.cs(297,6): error CS0246: 'Fact' t├╝r├╝ veya ad alan─▒ ad─▒ bulunamad─▒ (bir using y├Ânergeniz veya derleme ba┼şvurunuz mu eksik?) [C:\Users\fatih\source\repos\EfCore.Querying\EfCore.Querying.csproj]
C:\Users\fatih\source\repos\EfCore.Querying\tests\EfCore.Querying.Tests.Integration\Tests\CollectionFilteringTests.cs(190,6): error CS0246: 'FactAttribute' t├╝r├╝ veya ad alan─▒ ad─▒ bulunamad─▒ (bir using y├Ânergeniz veya derleme ba┼şvurunuz mu eksik?) [C:\Users\fatih\source\repos\EfCore.Querying\EfCore.Querying.csproj]
C:\Users\fatih\source\repos\EfCore.Querying\tests\EfCore.Querying.Tests.Integration\Tests\CollectionFilteringTests.cs(190,6): error CS0246: 'Fact' t├╝r├╝ veya ad alan─▒ ad─▒ bulunamad─▒ (bir using y├Ânergeniz veya derleme ba┼şvurunuz mu eksik?) [C:\Users\fatih\source\repos\EfCore.Querying\EfCore.Querying.csproj]
C:\Users\fatih\source\repos\EfCore.Querying\tests\EfCore.Querying.Tests.Integration\Tests\PostgreSqlFilteringTests.cs(150,6): error CS0246: 'FactAttribute' t├╝r├╝ veya ad alan─▒ ad─▒ bulunamad─▒ (bir using y├Ânergeniz veya derleme ba┼şvurunuz mu eksik?) [C:\Users\fatih\source\repos\EfCore.Querying\EfCore.Querying.csproj]
C:\Users\fatih\source\repos\EfCore.Querying\tests\EfCore.Querying.Tests.Integration\Tests\PostgreSqlFilteringTests.cs(150,6): error CS0246: 'Fact' t├╝r├╝ veya ad alan─▒ ad─▒ bulunamad─▒ (bir using y├Ânergeniz veya derleme ba┼şvurunuz mu eksik?) [C:\Users\fatih\source\repos\EfCore.Querying\EfCore.Querying.csproj]
C:\Users\fatih\source\repos\EfCore.Querying\tests\EfCore.Querying.Tests.Integration\Tests\SqlServerFilteringTests.cs(92,6): error CS0246: 'FactAttribute' t├╝r├╝ veya ad alan─▒ ad─▒ bulunamad─▒ (bir using y├Ânergeniz veya derleme ba┼şvurunuz mu eksik?) [C:\Users\fatih\source\repos\EfCore.Querying\EfCore.Querying.csproj]
C:\Users\fatih\source\repos\EfCore.Querying\tests\EfCore.Querying.Tests.Integration\Tests\SqlServerFilteringTests.cs(92,6): error CS0246: 'Fact' t├╝r├╝ veya ad alan─▒ ad─▒ bulunamad─▒ (bir using y├Ânergeniz veya derleme ba┼şvurunuz mu eksik?) [C:\Users\fatih\source\repos\EfCore.Querying\EfCore.Querying.csproj]
C:\Users\fatih\source\repos\EfCore.Querying\tests\EfCore.Querying.Tests.Integration\Tests\PostgreSqlFilteringTests.cs(167,6): error CS0246: 'FactAttribute' t├╝r├╝ veya ad alan─▒ ad─▒ bulunamad─▒ (bir using y├Ânergeniz veya derleme ba┼şvurunuz mu eksik?) [C:\Users\fatih\source\repos\EfCore.Querying\EfCore.Querying.csproj]
C:\Users\fatih\source\repos\EfCore.Querying\tests\EfCore.Querying.Tests.Integration\Tests\PostgreSqlFilteringTests.cs(167,6): error CS0246: 'Fact' t├╝r├╝ veya ad alan─▒ ad─▒ bulunamad─▒ (bir using y├Ânergeniz veya derleme ba┼şvurunuz mu eksik?) [C:\Users\fatih\source\repos\EfCore.Querying\EfCore.Querying.csproj]
C:\Users\fatih\source\repos\EfCore.Querying\tests\EfCore.Querying.Tests.Integration\Tests\SqlServerFilteringTests.cs(109,6): error CS0246: 'FactAttribute' t├╝r├╝ veya ad alan─▒ ad─▒ bulunamad─▒ (bir using y├Ânergeniz veya derleme ba┼şvurunuz mu eksik?) [C:\Users\fatih\source\repos\EfCore.Querying\EfCore.Querying.csproj]
C:\Users\fatih\source\repos\EfCore.Querying\tests\EfCore.Querying.Tests.Integration\Tests\SqlServerFilteringTests.cs(109,6): error CS0246: 'Fact' t├╝r├╝ veya ad alan─▒ ad─▒ bulunamad─▒ (bir using y├Ânergeniz veya derleme ba┼şvurunuz mu eksik?) [C:\Users\fatih\source\repos\EfCore.Querying\EfCore.Querying.csproj]
C:\Users\fatih\source\repos\EfCore.Querying\tests\EfCore.Querying.Tests.Integration\Tests\PostgreSqlFilteringTests.cs(188,6): error CS0246: 'FactAttribute' t├╝r├╝ veya ad alan─▒ ad─▒ bulunamad─▒ (bir using y├Ânergeniz veya derleme ba┼şvurunuz mu eksik?) [C:\Users\fatih\source\repos\EfCore.Querying\EfCore.Querying.csproj]
C:\Users\fatih\source\repos\EfCore.Querying\tests\EfCore.Querying.Tests.Integration\Tests\PostgreSqlFilteringTests.cs(188,6): error CS0246: 'Fact' t├╝r├╝ veya ad alan─▒ ad─▒ bulunamad─▒ (bir using y├Ânergeniz veya derleme ba┼şvurunuz mu eksik?) [C:\Users\fatih\source\repos\EfCore.Querying\EfCore.Querying.csproj]
C:\Users\fatih\source\repos\EfCore.Querying\tests\EfCore.Querying.Tests.Integration\Tests\SqlServerFilteringTests.cs(130,6): error CS0246: 'FactAttribute' t├╝r├╝ veya ad alan─▒ ad─▒ bulunamad─▒ (bir using y├Ânergeniz veya derleme ba┼şvurunuz mu eksik?) [C:\Users\fatih\source\repos\EfCore.Querying\EfCore.Querying.csproj]
C:\Users\fatih\source\repos\EfCore.Querying\tests\EfCore.Querying.Tests.Integration\Tests\SqlServerFilteringTests.cs(130,6): error CS0246: 'Fact' t├╝r├╝ veya ad alan─▒ ad─▒ bulunamad─▒ (bir using y├Ânergeniz veya derleme ba┼şvurunuz mu eksik?) [C:\Users\fatih\source\repos\EfCore.Querying\EfCore.Querying.csproj]
C:\Users\fatih\source\repos\EfCore.Querying\tests\EfCore.Querying.Tests.Integration\Tests\PostgreSqlFilteringTests.cs(205,6): error CS0246: 'FactAttribute' t├╝r├╝ veya ad alan─▒ ad─▒ bulunamad─▒ (bir using y├Ânergeniz veya derleme ba┼şvurunuz mu eksik?) [C:\Users\fatih\source\repos\EfCore.Querying\EfCore.Querying.csproj]
C:\Users\fatih\source\repos\EfCore.Querying\tests\EfCore.Querying.Tests.Integration\Tests\PostgreSqlFilteringTests.cs(205,6): error CS0246: 'Fact' t├╝r├╝ veya ad alan─▒ ad─▒ bulunamad─▒ (bir using y├Ânergeniz veya derleme ba┼şvurunuz mu eksik?) [C:\Users\fatih\source\repos\EfCore.Querying\EfCore.Querying.csproj]
C:\Users\fatih\source\repos\EfCore.Querying\tests\EfCore.Querying.Tests.Integration\Tests\SqlServerFilteringTests.cs(147,6): error CS0246: 'FactAttribute' t├╝r├╝ veya ad alan─▒ ad─▒ bulunamad─▒ (bir using y├Ânergeniz veya derleme ba┼şvurunuz mu eksik?) [C:\Users\fatih\source\repos\EfCore.Querying\EfCore.Querying.csproj]
C:\Users\fatih\source\repos\EfCore.Querying\tests\EfCore.Querying.Tests.Integration\Tests\SqlServerFilteringTests.cs(147,6): error CS0246: 'Fact' t├╝r├╝ veya ad alan─▒ ad─▒ bulunamad─▒ (bir using y├Ânergeniz veya derleme ba┼şvurunuz mu eksik?) [C:\Users\fatih\source\repos\EfCore.Querying\EfCore.Querying.csproj]
C:\Users\fatih\source\repos\EfCore.Querying\tests\EfCore.Querying.Tests.Integration\Tests\PostgreSqlFilteringTests.cs(226,6): error CS0246: 'FactAttribute' t├╝r├╝ veya ad alan─▒ ad─▒ bulunamad─▒ (bir using y├Ânergeniz veya derleme ba┼şvurunuz mu eksik?) [C:\Users\fatih\source\repos\EfCore.Querying\EfCore.Querying.csproj]
C:\Users\fatih\source\repos\EfCore.Querying\tests\EfCore.Querying.Tests.Integration\Tests\PostgreSqlFilteringTests.cs(226,6): error CS0246: 'Fact' t├╝r├╝ veya ad alan─▒ ad─▒ bulunamad─▒ (bir using y├Ânergeniz veya derleme ba┼şvurunuz mu eksik?) [C:\Users\fatih\source\repos\EfCore.Querying\EfCore.Querying.csproj]
C:\Users\fatih\source\repos\EfCore.Querying\tests\EfCore.Querying.Tests.Integration\Tests\SqlServerFilteringTests.cs(164,6): error CS0246: 'FactAttribute' t├╝r├╝ veya ad alan─▒ ad─▒ bulunamad─▒ (bir using y├Ânergeniz veya derleme ba┼şvurunuz mu eksik?) [C:\Users\fatih\source\repos\EfCore.Querying\EfCore.Querying.csproj]
C:\Users\fatih\source\repos\EfCore.Querying\tests\EfCore.Querying.Tests.Integration\Tests\SqlServerFilteringTests.cs(164,6): error CS0246: 'Fact' t├╝r├╝ veya ad alan─▒ ad─▒ bulunamad─▒ (bir using y├Ânergeniz veya derleme ba┼şvurunuz mu eksik?) [C:\Users\fatih\source\repos\EfCore.Querying\EfCore.Querying.csproj]
C:\Users\fatih\source\repos\EfCore.Querying\tests\EfCore.Querying.Tests.Integration\Tests\PostgreSqlFilteringTests.cs(249,6): error CS0246: 'FactAttribute' t├╝r├╝ veya ad alan─▒ ad─▒ bulunamad─▒ (bir using y├Ânergeniz veya derleme ba┼şvurunuz mu eksik?) [C:\Users\fatih\source\repos\EfCore.Querying\EfCore.Querying.csproj]
C:\Users\fatih\source\repos\EfCore.Querying\tests\EfCore.Querying.Tests.Integration\Tests\PostgreSqlFilteringTests.cs(249,6): error CS0246: 'Fact' t├╝r├╝ veya ad alan─▒ ad─▒ bulunamad─▒ (bir using y├Ânergeniz veya derleme ba┼şvurunuz mu eksik?) [C:\Users\fatih\source\repos\EfCore.Querying\EfCore.Querying.csproj]
C:\Users\fatih\source\repos\EfCore.Querying\tests\EfCore.Querying.Tests.Integration\Tests\SqlServerFilteringTests.cs(181,6): error CS0246: 'FactAttribute' t├╝r├╝ veya ad alan─▒ ad─▒ bulunamad─▒ (bir using y├Ânergeniz veya derleme ba┼şvurunuz mu eksik?) [C:\Users\fatih\source\repos\EfCore.Querying\EfCore.Querying.csproj]
C:\Users\fatih\source\repos\EfCore.Querying\tests\EfCore.Querying.Tests.Integration\Tests\SqlServerFilteringTests.cs(181,6): error CS0246: 'Fact' t├╝r├╝ veya ad alan─▒ ad─▒ bulunamad─▒ (bir using y├Ânergeniz veya derleme ba┼şvurunuz mu eksik?) [C:\Users\fatih\source\repos\EfCore.Querying\EfCore.Querying.csproj]
C:\Users\fatih\source\repos\EfCore.Querying\tests\EfCore.Querying.Tests.Integration\Tests\PostgreSqlFilteringTests.cs(269,6): error CS0246: 'FactAttribute' t├╝r├╝ veya ad alan─▒ ad─▒ bulunamad─▒ (bir using y├Ânergeniz veya derleme ba┼şvurunuz mu eksik?) [C:\Users\fatih\source\repos\EfCore.Querying\EfCore.Querying.csproj]
C:\Users\fatih\source\repos\EfCore.Querying\tests\EfCore.Querying.Tests.Integration\Tests\PostgreSqlFilteringTests.cs(269,6): error CS0246: 'Fact' t├╝r├╝ veya ad alan─▒ ad─▒ bulunamad─▒ (bir using y├Ânergeniz veya derleme ba┼şvurunuz mu eksik?) [C:\Users\fatih\source\repos\EfCore.Querying\EfCore.Querying.csproj]
C:\Users\fatih\source\repos\EfCore.Querying\tests\EfCore.Querying.Tests.Integration\Tests\SqlServerFilteringTests.cs(202,6): error CS0246: 'FactAttribute' t├╝r├╝ veya ad alan─▒ ad─▒ bulunamad─▒ (bir using y├Ânergeniz veya derleme ba┼şvurunuz mu eksik?) [C:\Users\fatih\source\repos\EfCore.Querying\EfCore.Querying.csproj]
C:\Users\fatih\source\repos\EfCore.Querying\tests\EfCore.Querying.Tests.Integration\Tests\SqlServerFilteringTests.cs(202,6): error CS0246: 'Fact' t├╝r├╝ veya ad alan─▒ ad─▒ bulunamad─▒ (bir using y├Ânergeniz veya derleme ba┼şvurunuz mu eksik?) [C:\Users\fatih\source\repos\EfCore.Querying\EfCore.Querying.csproj]
C:\Users\fatih\source\repos\EfCore.Querying\tests\EfCore.Querying.Tests.Integration\Tests\PostgreSqlFilteringTests.cs(299,6): error CS0246: 'FactAttribute' t├╝r├╝ veya ad alan─▒ ad─▒ bulunamad─▒ (bir using y├Ânergeniz veya derleme ba┼şvurunuz mu eksik?) [C:\Users\fatih\source\repos\EfCore.Querying\EfCore.Querying.csproj]
C:\Users\fatih\source\repos\EfCore.Querying\tests\EfCore.Querying.Tests.Integration\Tests\PostgreSqlFilteringTests.cs(299,6): error CS0246: 'Fact' t├╝r├╝ veya ad alan─▒ ad─▒ bulunamad─▒ (bir using y├Ânergeniz veya derleme ba┼şvurunuz mu eksik?) [C:\Users\fatih\source\repos\EfCore.Querying\EfCore.Querying.csproj]
C:\Users\fatih\source\repos\EfCore.Querying\tests\EfCore.Querying.Tests.Integration\Tests\SqlServerFilteringTests.cs(219,6): error CS0246: 'FactAttribute' t├╝r├╝ veya ad alan─▒ ad─▒ bulunamad─▒ (bir using y├Ânergeniz veya derleme ba┼şvurunuz mu eksik?) [C:\Users\fatih\source\repos\EfCore.Querying\EfCore.Querying.csproj]
C:\Users\fatih\source\repos\EfCore.Querying\tests\EfCore.Querying.Tests.Integration\Tests\SqlServerFilteringTests.cs(219,6): error CS0246: 'Fact' t├╝r├╝ veya ad alan─▒ ad─▒ bulunamad─▒ (bir using y├Ânergeniz veya derleme ba┼şvurunuz mu eksik?) [C:\Users\fatih\source\repos\EfCore.Querying\EfCore.Querying.csproj]
C:\Users\fatih\source\repos\EfCore.Querying\tests\EfCore.Querying.Tests.Integration\Tests\PostgreSqlFilteringTests.cs(321,6): error CS0246: 'FactAttribute' t├╝r├╝ veya ad alan─▒ ad─▒ bulunamad─▒ (bir using y├Ânergeniz veya derleme ba┼şvurunuz mu eksik?) [C:\Users\fatih\source\repos\EfCore.Querying\EfCore.Querying.csproj]
C:\Users\fatih\source\repos\EfCore.Querying\tests\EfCore.Querying.Tests.Integration\Tests\PostgreSqlFilteringTests.cs(321,6): error CS0246: 'Fact' t├╝r├╝ veya ad alan─▒ ad─▒ bulunamad─▒ (bir using y├Ânergeniz veya derleme ba┼şvurunuz mu eksik?) [C:\Users\fatih\source\repos\EfCore.Querying\EfCore.Querying.csproj]
C:\Users\fatih\source\repos\EfCore.Querying\tests\EfCore.Querying.Tests.Integration\Tests\SqlServerFilteringTests.cs(240,6): error CS0246: 'FactAttribute' t├╝r├╝ veya ad alan─▒ ad─▒ bulunamad─▒ (bir using y├Ânergeniz veya derleme ba┼şvurunuz mu eksik?) [C:\Users\fatih\source\repos\EfCore.Querying\EfCore.Querying.csproj]
C:\Users\fatih\source\repos\EfCore.Querying\tests\EfCore.Querying.Tests.Integration\Tests\SqlServerFilteringTests.cs(240,6): error CS0246: 'Fact' t├╝r├╝ veya ad alan─▒ ad─▒ bulunamad─▒ (bir using y├Ânergeniz veya derleme ba┼şvurunuz mu eksik?) [C:\Users\fatih\source\repos\EfCore.Querying\EfCore.Querying.csproj]
C:\Users\fatih\source\repos\EfCore.Querying\tests\EfCore.Querying.Tests.Integration\Tests\PostgreSqlFilteringTests.cs(347,6): error CS0246: 'FactAttribute' t├╝r├╝ veya ad alan─▒ ad─▒ bulunamad─▒ (bir using y├Ânergeniz veya derleme ba┼şvurunuz mu eksik?) [C:\Users\fatih\source\repos\EfCore.Querying\EfCore.Querying.csproj]
C:\Users\fatih\source\repos\EfCore.Querying\tests\EfCore.Querying.Tests.Integration\Tests\PostgreSqlFilteringTests.cs(347,6): error CS0246: 'Fact' t├╝r├╝ veya ad alan─▒ ad─▒ bulunamad─▒ (bir using y├Ânergeniz veya derleme ba┼şvurunuz mu eksik?) [C:\Users\fatih\source\repos\EfCore.Querying\EfCore.Querying.csproj]
C:\Users\fatih\source\repos\EfCore.Querying\tests\EfCore.Querying.Tests.Integration\Tests\SqlServerFilteringTests.cs(263,6): error CS0246: 'FactAttribute' t├╝r├╝ veya ad alan─▒ ad─▒ bulunamad─▒ (bir using y├Ânergeniz veya derleme ba┼şvurunuz mu eksik?) [C:\Users\fatih\source\repos\EfCore.Querying\EfCore.Querying.csproj]
C:\Users\fatih\source\repos\EfCore.Querying\tests\EfCore.Querying.Tests.Integration\Tests\SqlServerFilteringTests.cs(263,6): error CS0246: 'Fact' t├╝r├╝ veya ad alan─▒ ad─▒ bulunamad─▒ (bir using y├Ânergeniz veya derleme ba┼şvurunuz mu eksik?) [C:\Users\fatih\source\repos\EfCore.Querying\EfCore.Querying.csproj]
C:\Users\fatih\source\repos\EfCore.Querying\tests\EfCore.Querying.Tests.Integration\Tests\PostgreSqlFilteringTests.cs(363,6): error CS0246: 'FactAttribute' t├╝r├╝ veya ad alan─▒ ad─▒ bulunamad─▒ (bir using y├Ânergeniz veya derleme ba┼şvurunuz mu eksik?) [C:\Users\fatih\source\repos\EfCore.Querying\EfCore.Querying.csproj]
C:\Users\fatih\source\repos\EfCore.Querying\tests\EfCore.Querying.Tests.Integration\Tests\PostgreSqlFilteringTests.cs(363,6): error CS0246: 'Fact' t├╝r├╝ veya ad alan─▒ ad─▒ bulunamad─▒ (bir using y├Ânergeniz veya derleme ba┼şvurunuz mu eksik?) [C:\Users\fatih\source\repos\EfCore.Querying\EfCore.Querying.csproj]
C:\Users\fatih\source\repos\EfCore.Querying\tests\EfCore.Querying.Tests.Integration\Tests\SqlServerFilteringTests.cs(283,6): error CS0246: 'FactAttribute' t├╝r├╝ veya ad alan─▒ ad─▒ bulunamad─▒ (bir using y├Ânergeniz veya derleme ba┼şvurunuz mu eksik?) [C:\Users\fatih\source\repos\EfCore.Querying\EfCore.Querying.csproj]
C:\Users\fatih\source\repos\EfCore.Querying\tests\EfCore.Querying.Tests.Integration\Tests\SqlServerFilteringTests.cs(283,6): error CS0246: 'Fact' t├╝r├╝ veya ad alan─▒ ad─▒ bulunamad─▒ (bir using y├Ânergeniz veya derleme ba┼şvurunuz mu eksik?) [C:\Users\fatih\source\repos\EfCore.Querying\EfCore.Querying.csproj]
C:\Users\fatih\source\repos\EfCore.Querying\tests\EfCore.Querying.Tests.Integration\Tests\PostgreSqlFilteringTests.cs(379,6): error CS0246: 'FactAttribute' t├╝r├╝ veya ad alan─▒ ad─▒ bulunamad─▒ (bir using y├Ânergeniz veya derleme ba┼şvurunuz mu eksik?) [C:\Users\fatih\source\repos\EfCore.Querying\EfCore.Querying.csproj]
C:\Users\fatih\source\repos\EfCore.Querying\tests\EfCore.Querying.Tests.Integration\Tests\PostgreSqlFilteringTests.cs(379,6): error CS0246: 'Fact' t├╝r├╝ veya ad alan─▒ ad─▒ bulunamad─▒ (bir using y├Ânergeniz veya derleme ba┼şvurunuz mu eksik?) [C:\Users\fatih\source\repos\EfCore.Querying\EfCore.Querying.csproj]
C:\Users\fatih\source\repos\EfCore.Querying\tests\EfCore.Querying.Tests.Integration\Tests\SqlServerFilteringTests.cs(313,6): error CS0246: 'FactAttribute' t├╝r├╝ veya ad alan─▒ ad─▒ bulunamad─▒ (bir using y├Ânergeniz veya derleme ba┼şvurunuz mu eksik?) [C:\Users\fatih\source\repos\EfCore.Querying\EfCore.Querying.csproj]
C:\Users\fatih\source\repos\EfCore.Querying\tests\EfCore.Querying.Tests.Integration\Tests\SqlServerFilteringTests.cs(313,6): error CS0246: 'Fact' t├╝r├╝ veya ad alan─▒ ad─▒ bulunamad─▒ (bir using y├Ânergeniz veya derleme ba┼şvurunuz mu eksik?) [C:\Users\fatih\source\repos\EfCore.Querying\EfCore.Querying.csproj]
C:\Users\fatih\source\repos\EfCore.Querying\tests\EfCore.Querying.Tests.Integration\Tests\PostgreSqlFilteringTests.cs(400,6): error CS0246: 'FactAttribute' t├╝r├╝ veya ad alan─▒ ad─▒ bulunamad─▒ (bir using y├Ânergeniz veya derleme ba┼şvurunuz mu eksik?) [C:\Users\fatih\source\repos\EfCore.Querying\EfCore.Querying.csproj]
C:\Users\fatih\source\repos\EfCore.Querying\tests\EfCore.Querying.Tests.Integration\Tests\PostgreSqlFilteringTests.cs(400,6): error CS0246: 'Fact' t├╝r├╝ veya ad alan─▒ ad─▒ bulunamad─▒ (bir using y├Ânergeniz veya derleme ba┼şvurunuz mu eksik?) [C:\Users\fatih\source\repos\EfCore.Querying\EfCore.Querying.csproj]
C:\Users\fatih\source\repos\EfCore.Querying\tests\EfCore.Querying.Tests.Integration\Tests\SqlServerFilteringTests.cs(335,6): error CS0246: 'FactAttribute' t├╝r├╝ veya ad alan─▒ ad─▒ bulunamad─▒ (bir using y├Ânergeniz veya derleme ba┼şvurunuz mu eksik?) [C:\Users\fatih\source\repos\EfCore.Querying\EfCore.Querying.csproj]
C:\Users\fatih\source\repos\EfCore.Querying\tests\EfCore.Querying.Tests.Integration\Tests\SqlServerFilteringTests.cs(335,6): error CS0246: 'Fact' t├╝r├╝ veya ad alan─▒ ad─▒ bulunamad─▒ (bir using y├Ânergeniz veya derleme ba┼şvurunuz mu eksik?) [C:\Users\fatih\source\repos\EfCore.Querying\EfCore.Querying.csproj]
C:\Users\fatih\source\repos\EfCore.Querying\tests\EfCore.Querying.Tests.Integration\Tests\PostgreSqlFilteringTests.cs(423,6): error CS0246: 'FactAttribute' t├╝r├╝ veya ad alan─▒ ad─▒ bulunamad─▒ (bir using y├Ânergeniz veya derleme ba┼şvurunuz mu eksik?) [C:\Users\fatih\source\repos\EfCore.Querying\EfCore.Querying.csproj]
C:\Users\fatih\source\repos\EfCore.Querying\tests\EfCore.Querying.Tests.Integration\Tests\PostgreSqlFilteringTests.cs(423,6): error CS0246: 'Fact' t├╝r├╝ veya ad alan─▒ ad─▒ bulunamad─▒ (bir using y├Ânergeniz veya derleme ba┼şvurunuz mu eksik?) [C:\Users\fatih\source\repos\EfCore.Querying\EfCore.Querying.csproj]
C:\Users\fatih\source\repos\EfCore.Querying\tests\EfCore.Querying.Tests.Integration\Tests\SqlServerFilteringTests.cs(357,6): error CS0246: 'FactAttribute' t├╝r├╝ veya ad alan─▒ ad─▒ bulunamad─▒ (bir using y├Ânergeniz veya derleme ba┼şvurunuz mu eksik?) [C:\Users\fatih\source\repos\EfCore.Querying\EfCore.Querying.csproj]
C:\Users\fatih\source\repos\EfCore.Querying\tests\EfCore.Querying.Tests.Integration\Tests\SqlServerFilteringTests.cs(357,6): error CS0246: 'Fact' t├╝r├╝ veya ad alan─▒ ad─▒ bulunamad─▒ (bir using y├Ânergeniz veya derleme ba┼şvurunuz mu eksik?) [C:\Users\fatih\source\repos\EfCore.Querying\EfCore.Querying.csproj]
C:\Users\fatih\source\repos\EfCore.Querying\tests\EfCore.Querying.Tests.Integration\Tests\PostgreSqlFilteringTests.cs(441,6): error CS0246: 'FactAttribute' t├╝r├╝ veya ad alan─▒ ad─▒ bulunamad─▒ (bir using y├Ânergeniz veya derleme ba┼şvurunuz mu eksik?) [C:\Users\fatih\source\repos\EfCore.Querying\EfCore.Querying.csproj]
C:\Users\fatih\source\repos\EfCore.Querying\tests\EfCore.Querying.Tests.Integration\Tests\PostgreSqlFilteringTests.cs(441,6): error CS0246: 'Fact' t├╝r├╝ veya ad alan─▒ ad─▒ bulunamad─▒ (bir using y├Ânergeniz veya derleme ba┼şvurunuz mu eksik?) [C:\Users\fatih\source\repos\EfCore.Querying\EfCore.Querying.csproj]
C:\Users\fatih\source\repos\EfCore.Querying\tests\EfCore.Querying.Tests.Integration\Tests\SqlServerFilteringTests.cs(380,6): error CS0246: 'FactAttribute' t├╝r├╝ veya ad alan─▒ ad─▒ bulunamad─▒ (bir using y├Ânergeniz veya derleme ba┼şvurunuz mu eksik?) [C:\Users\fatih\source\repos\EfCore.Querying\EfCore.Querying.csproj]
C:\Users\fatih\source\repos\EfCore.Querying\tests\EfCore.Querying.Tests.Integration\Tests\SqlServerFilteringTests.cs(380,6): error CS0246: 'Fact' t├╝r├╝ veya ad alan─▒ ad─▒ bulunamad─▒ (bir using y├Ânergeniz veya derleme ba┼şvurunuz mu eksik?) [C:\Users\fatih\source\repos\EfCore.Querying\EfCore.Querying.csproj]
C:\Users\fatih\source\repos\EfCore.Querying\tests\EfCore.Querying.Tests.Integration\Tests\PostgreSqlFilteringTests.cs(462,6): error CS0246: 'FactAttribute' t├╝r├╝ veya ad alan─▒ ad─▒ bulunamad─▒ (bir using y├Ânergeniz veya derleme ba┼şvurunuz mu eksik?) [C:\Users\fatih\source\repos\EfCore.Querying\EfCore.Querying.csproj]
C:\Users\fatih\source\repos\EfCore.Querying\tests\EfCore.Querying.Tests.Integration\Tests\PostgreSqlFilteringTests.cs(462,6): error CS0246: 'Fact' t├╝r├╝ veya ad alan─▒ ad─▒ bulunamad─▒ (bir using y├Ânergeniz veya derleme ba┼şvurunuz mu eksik?) [C:\Users\fatih\source\repos\EfCore.Querying\EfCore.Querying.csproj]
C:\Users\fatih\source\repos\EfCore.Querying\tests\EfCore.Querying.Tests.Integration\Tests\SqlServerFilteringTests.cs(396,6): error CS0246: 'FactAttribute' t├╝r├╝ veya ad alan─▒ ad─▒ bulunamad─▒ (bir using y├Ânergeniz veya derleme ba┼şvurunuz mu eksik?) [C:\Users\fatih\source\repos\EfCore.Querying\EfCore.Querying.csproj]
C:\Users\fatih\source\repos\EfCore.Querying\tests\EfCore.Querying.Tests.Integration\Tests\SqlServerFilteringTests.cs(396,6): error CS0246: 'Fact' t├╝r├╝ veya ad alan─▒ ad─▒ bulunamad─▒ (bir using y├Ânergeniz veya derleme ba┼şvurunuz mu eksik?) [C:\Users\fatih\source\repos\EfCore.Querying\EfCore.Querying.csproj]
C:\Users\fatih\source\repos\EfCore.Querying\tests\EfCore.Querying.Tests.Integration\Tests\SqlServerFilteringTests.cs(412,6): error CS0246: 'FactAttribute' t├╝r├╝ veya ad alan─▒ ad─▒ bulunamad─▒ (bir using y├Ânergeniz veya derleme ba┼şvurunuz mu eksik?) [C:\Users\fatih\source\repos\EfCore.Querying\EfCore.Querying.csproj]
C:\Users\fatih\source\repos\EfCore.Querying\tests\EfCore.Querying.Tests.Integration\Tests\SqlServerFilteringTests.cs(412,6): error CS0246: 'Fact' t├╝r├╝ veya ad alan─▒ ad─▒ bulunamad─▒ (bir using y├Ânergeniz veya derleme ba┼şvurunuz mu eksik?) [C:\Users\fatih\source\repos\EfCore.Querying\EfCore.Querying.csproj]
C:\Users\fatih\source\repos\EfCore.Querying\tests\EfCore.Querying.Tests.Integration\Tests\SqlServerFilteringTests.cs(435,6): error CS0246: 'FactAttribute' t├╝r├╝ veya ad alan─▒ ad─▒ bulunamad─▒ (bir using y├Ânergeniz veya derleme ba┼şvurunuz mu eksik?) [C:\Users\fatih\source\repos\EfCore.Querying\EfCore.Querying.csproj]
C:\Users\fatih\source\repos\EfCore.Querying\tests\EfCore.Querying.Tests.Integration\Tests\SqlServerFilteringTests.cs(435,6): error CS0246: 'Fact' t├╝r├╝ veya ad alan─▒ ad─▒ bulunamad─▒ (bir using y├Ânergeniz veya derleme ba┼şvurunuz mu eksik?) [C:\Users\fatih\source\repos\EfCore.Querying\EfCore.Querying.csproj]
C:\Users\fatih\source\repos\EfCore.Querying\tests\EfCore.Querying.Tests.Integration\Tests\SqlServerFilteringTests.cs(458,6): error CS0246: 'FactAttribute' t├╝r├╝ veya ad alan─▒ ad─▒ bulunamad─▒ (bir using y├Ânergeniz veya derleme ba┼şvurunuz mu eksik?) [C:\Users\fatih\source\repos\EfCore.Querying\EfCore.Querying.csproj]
C:\Users\fatih\source\repos\EfCore.Querying\tests\EfCore.Querying.Tests.Integration\Tests\SqlServerFilteringTests.cs(458,6): error CS0246: 'Fact' t├╝r├╝ veya ad alan─▒ ad─▒ bulunamad─▒ (bir using y├Ânergeniz veya derleme ba┼şvurunuz mu eksik?) [C:\Users\fatih\source\repos\EfCore.Querying\EfCore.Querying.csproj]
C:\Users\fatih\source\repos\EfCore.Querying\tests\EfCore.Querying.Tests.Integration\Tests\SqlServerFilteringTests.cs(486,6): error CS0246: 'FactAttribute' t├╝r├╝ veya ad alan─▒ ad─▒ bulunamad─▒ (bir using y├Ânergeniz veya derleme ba┼şvurunuz mu eksik?) [C:\Users\fatih\source\repos\EfCore.Querying\EfCore.Querying.csproj]
C:\Users\fatih\source\repos\EfCore.Querying\tests\EfCore.Querying.Tests.Integration\Tests\SqlServerFilteringTests.cs(486,6): error CS0246: 'Fact' t├╝r├╝ veya ad alan─▒ ad─▒ bulunamad─▒ (bir using y├Ânergeniz veya derleme ba┼şvurunuz mu eksik?) [C:\Users\fatih\source\repos\EfCore.Querying\EfCore.Querying.csproj]
    0 Uyar─▒
    144 Hata

Ge├ğen S├╝re 00:00:00.71
